{
  "status": "completed_with_errors",
  "outcomes": {
    "completed": 426,
    "no_candidates": 23,
    "failed": 1
  },
  "agreement": [
    {
      "subset": "un_all",
      "n": 50,
      "valid_pairs": 50,
      "agree": 23,
      "generator_better_utility": 19,
      "jev_better_utility": 4,
      "utility_ties": 26,
      "mean_paired_utility_difference_generator_minus_jev": 0.8367346938775511,
      "bootstrap_95_interval": [
        0.14285714285714285,
        1.489795918367347
      ]
    },
    {
      "subset": "un_without_meetings",
      "n": 30,
      "valid_pairs": 30,
      "agree": 15,
      "generator_better_utility": 12,
      "jev_better_utility": 1,
      "utility_ties": 16,
      "mean_paired_utility_difference_generator_minus_jev": 1.1379310344827587,
      "bootstrap_95_interval": [
        0.3103448275862069,
        2
      ]
    },
    {
      "subset": "un_meetings_only",
      "n": 20,
      "valid_pairs": 20,
      "agree": 8,
      "generator_better_utility": 7,
      "jev_better_utility": 3,
      "utility_ties": 10,
      "mean_paired_utility_difference_generator_minus_jev": 0.4,
      "bootstrap_95_interval": [
        -0.7,
        1.4
      ]
    },
    {
      "subset": "eurlex_all",
      "n": 50,
      "valid_pairs": 50,
      "agree": 29,
      "generator_better_utility": 7,
      "jev_better_utility": 12,
      "utility_ties": 31,
      "mean_paired_utility_difference_generator_minus_jev": -1.18,
      "bootstrap_95_interval": [
        -2.92,
        -0.1
      ]
    }
  ]
}
