Selected 100 unique documents: {('un', 'resolution'): 25, ('un', 'meeting'): 20, ('un', 'letter'): 5, ('eurlex', 'no_refs'): 40, ('eurlex', 'one_ref'): 4, ('eurlex', 'few_refs'): 3, ('eurlex', 'many_refs'): 3}
PREFLIGHT decider/un/2011/a/res/65/212#13/generator completed
PREFLIGHT decider/un/2011/a/res/65/212#13/jev completed
PREFLIGHT mode/un/2011/a/res/65/212#13/lookup completed
1/447 completed decider/un/2013/a/res/67/199#12/jev
2/447 completed decider/un/2013/a/res/68/143#7/jev
3/447 completed decider/un/2006/a/res/61/183#3/jev
4/447 completed decider/un/2011/a/res/65/263#2/jev
5/447 completed decider/un/2014/a/res/68/254#2/jev
6/447 completed decider/un/2007/a/res/62/137#12/jev
7/447 completed decider/un/2005/a/res/60/226#3/jev
8/447 completed decider/un/2001/a/res/55/114#5/jev
9/447 completed decider/un/2013/a/res/68/18#1/jev
10/447 completed decider/un/2005/a/res/60/226#3/generator
11/447 completed decider/un/2001/s/res/1376_2001_#2/jev
12/447 completed decider/un/2001/a/res/55/114#5/generator
13/447 completed decider/un/2008/s/res/1806_2008_#8/jev
14/447 completed decider/un/2013/a/res/68/143#7/generator
15/447 completed decider/un/2013/a/res/68/18#1/generator
16/447 completed decider/un/2003/s/res/1466_2003_#3/jev
17/447 completed decider/un/2011/a/res/65/263#2/generator
18/447 completed decider/un/2006/a/res/61/183#3/generator
19/447 completed decider/un/2007/a/res/62/137#12/generator
20/447 completed decider/un/2008/s/res/1845_2008_#3/jev
21/447 completed decider/un/2004/s/res/1565_2004_#11/jev
22/447 completed decider/un/2002/a/res/56/188#8/jev
23/447 completed decider/un/2005/a/res/60/47#0/jev
24/447 completed decider/un/2013/a/res/67/199#12/generator
25/447 completed decider/un/2011/s/res/1988_2011_#19/jev
26/447 completed decider/un/2014/a/res/68/254#2/generator
27/447 completed decider/un/2008/s/res/1806_2008_#8/generator
28/447 completed decider/un/2004/a/res/59/61#0/jev
29/447 completed decider/un/2001/s/res/1376_2001_#2/generator
30/447 completed decider/un/2013/a/res/67/145#7/jev
31/447 completed decider/un/2003/a/res/58/298#4/jev
32/447 completed decider/un/2003/s/res/1466_2003_#3/generator
33/447 completed decider/un/2003/a/res/57/300#10/jev
34/447 completed decider/un/2008/s/res/1845_2008_#3/generator
35/447 completed decider/un/2013/a/res/67/222#6/jev
36/447 completed decider/un/2005/a/res/60/47#0/generator
37/447 completed decider/un/2011/s/res/1988_2011_#19/generator
38/447 completed decider/un/2002/a/res/56/188#8/generator
39/447 completed decider/un/2003/a/res/57/137#1/jev
40/447 completed decider/un/2004/s/res/1565_2004_#11/generator
41/447 completed decider/un/2014/s/res/2140__2014_#13/jev
42/447 completed decider/un/2004/a/c_2/58/sr_24#18/jev
43/447 completed decider/un/2003/a/res/58/298#4/generator
44/447 completed decider/un/2008/cd/pv_1097#14/jev
45/447 completed decider/un/2004/a/res/59/61#0/generator
46/447 completed decider/un/2006/a/c_5/60/sr_64#14/jev
47/447 completed decider/un/2013/a/res/67/222#6/generator
48/447 completed decider/un/2001/cedaw/c/sr_451#4/jev
49/447 completed decider/un/2013/a/res/67/145#7/generator
50/447 completed decider/un/2008/a/ac_109/2008/sr_2#1/jev
51/447 completed decider/un/2003/a/res/57/137#1/generator
52/447 completed decider/un/2010/ccpr/c/sr_2695#25/jev
53/447 completed decider/un/2007/gc_12/c_1/sr_1#10/jev
54/447 completed decider/un/2008/cd/pv_1097#14/generator
55/447 completed decider/un/2006/cedaw/c/sr_724#18/jev
56/447 completed decider/un/2014/s/res/2140__2014_#13/generator
57/447 completed decider/un/2005/cd/pv_983#13/jev
58/447 completed decider/un/2004/a/c_2/58/sr_24#18/generator
59/447 completed decider/un/1998/gc_7/c_1/sr_5#16/jev
60/447 completed decider/un/2003/a/res/57/300#10/generator
61/447 completed decider/un/2008/a/ac_109/2008/sr_2#1/generator
62/447 completed decider/un/2007/gc_12/c_1/sr_1#10/generator
63/447 completed decider/un/2006/ccw/conf_iii/sr_2#8/jev
64/447 completed decider/un/2001/cd/pv_880#1/jev
65/447 completed decider/un/2010/ccpr/c/sr_2695#25/generator
66/447 completed decider/un/2010/a/cn_9/sr_917#10/jev
67/447 completed decider/un/2003/a/58/pv_1#15/jev
68/447 completed decider/un/2006/a/c_5/60/sr_64#14/generator
69/447 completed decider/un/2007/cedaw/c/sr_770_b_#18/jev
70/447 completed decider/un/2001/cedaw/c/sr_451#4/generator
71/447 completed decider/un/2002/a/c_4/57/sr_18#15/jev
72/447 completed decider/un/2006/ccw/conf_iii/sr_2#8/generator
73/447 completed decider/un/2005/cd/pv_983#13/generator
74/447 completed decider/un/2007/cedaw/c/sr_778#5/jev
75/447 completed decider/un/2006/cedaw/c/sr_724#18/generator
76/447 completed decider/un/2000/cd/pv_841#11/jev
77/447 completed decider/un/2010/a/cn_9/sr_917#10/generator
78/447 completed decider/un/1999/cedaw/c/sr_434#16/jev
79/447 completed decider/un/2001/cd/pv_880#1/generator
80/447 completed decider/un/2009/a/ac_109/2009/sr_7#4/jev
81/447 completed decider/un/2007/cedaw/c/sr_770_b_#18/generator
82/447 completed decider/un/2003/a/58/pv_1#15/generator
83/447 completed decider/un/2008/s/2008/774#11/jev
84/447 completed decider/un/2012/s/2012/718#7/jev
85/447 completed decider/un/1998/s/1998/458#1/jev
86/447 completed decider/un/1998/gc_7/c_1/sr_5#16/generator
87/447 completed decider/un/2004/s/2004/505#15/jev
88/447 completed decider/un/2002/a/c_4/57/sr_18#15/generator
89/447 completed decider/un/2004/s/2004/674#6/jev
90/447 completed decider/un/2007/cedaw/c/sr_778#5/generator
91/447 completed decider/un/2009/a/ac_109/2009/sr_7#4/generator
92/447 completed decider/eurlex/http://data.europa.eu/eli/dir/2010/42/art_2/oj/jev
93/447 completed decider/un/2000/cd/pv_841#11/generator
94/447 completed decider/un/2012/s/2012/718#7/generator
95/447 completed decider/eurlex/http://data.europa.eu/eli/reg/2014/910/art_41/oj/jev
96/447 completed decider/eurlex/http://data.europa.eu/eli/reg/2011/1043/art_1/oj/jev
97/447 completed decider/eurlex/http://data.europa.eu/eli/dir/2011/81/art_2/oj/jev
98/447 completed decider/eurlex/http://data.europa.eu/eli/dir/2010/42/art_2/oj/generator
99/447 completed decider/un/2008/s/2008/774#11/generator
100/447 completed decider/eurlex/http://data.europa.eu/eli/dir/2006/28/art_3/oj/jev
101/447 completed decider/eurlex/http://data.europa.eu/eli/reg/2011/1077/art_14/oj/jev
102/447 completed decider/un/1998/s/1998/458#1/generator
103/447 completed decider/eurlex/http://data.europa.eu/eli/dir/2011/81/art_2/oj/generator
104/447 completed decider/eurlex/http://data.europa.eu/eli/reg/2011/1173/art_13/oj/jev
105/447 completed decider/eurlex/http://data.europa.eu/eli/dir/2006/28/art_3/oj/generator
106/447 completed decider/eurlex/http://data.europa.eu/eli/reg/2014/910/art_41/oj/generator
107/447 completed decider/eurlex/http://data.europa.eu/eli/reg/2005/1651/art_4/oj/jev
108/447 completed decider/un/2004/s/2004/674#6/generator
109/447 completed decider/eurlex/http://data.europa.eu/eli/reg/2010/1031/art_48/oj/jev
110/447 completed decider/eurlex/http://data.europa.eu/eli/dir/2006/60/art_2/oj/jev
111/447 completed decider/eurlex/http://data.europa.eu/eli/reg/2014/312/art_16/oj/jev
112/447 completed decider/eurlex/http://data.europa.eu/eli/reg/2011/1077/art_14/oj/generator
113/447 completed decider/eurlex/http://data.europa.eu/eli/reg/2014/165/art_23/oj/jev
114/447 completed decider/eurlex/http://data.europa.eu/eli/reg/2011/1043/art_1/oj/generator
115/447 completed decider/un/1999/cedaw/c/sr_434#16/generator
116/447 completed decider/un/2004/s/2004/505#15/generator
117/447 completed decider/eurlex/http://data.europa.eu/eli/reg/2005/1651/art_4/oj/generator
118/447 completed decider/eurlex/http://data.europa.eu/eli/reg/2010/1031/art_48/oj/generator
119/447 completed decider/eurlex/http://data.europa.eu/eli/reg/2011/1173/art_13/oj/generator
120/447 completed decider/eurlex/http://data.europa.eu/eli/dir/2005/86/art_2/oj/jev
121/447 completed decider/eurlex/http://data.europa.eu/eli/reg/2011/492/art_17/oj/jev
122/447 completed decider/eurlex/http://data.europa.eu/eli/reg/2012/966/art_56/oj/jev
123/447 completed decider/eurlex/http://data.europa.eu/eli/reg/2014/312/art_16/oj/generator
124/447 completed decider/eurlex/http://data.europa.eu/eli/dir/2006/60/art_2/oj/generator
125/447 completed decider/eurlex/http://data.europa.eu/eli/dir/2007/68/art_2/oj/jev
126/447 completed decider/eurlex/http://data.europa.eu/eli/dir_impl/2011/54/art_3/oj/jev
127/447 completed decider/eurlex/http://data.europa.eu/eli/dir/2004/66/art_2/oj/jev
128/447 completed decider/eurlex/http://data.europa.eu/eli/reg/2008/1165/art_16/oj/jev
129/447 completed decider/eurlex/http://data.europa.eu/eli/reg_impl/2011/1008/art_1/oj/jev
130/447 completed decider/eurlex/http://data.europa.eu/eli/reg/2014/165/art_23/oj/generator
131/447 completed decider/eurlex/http://data.europa.eu/eli/dir/2007/68/art_2/oj/generator
132/447 completed decider/eurlex/http://data.europa.eu/eli/dir/2015/566/art_9/oj/jev
133/447 completed decider/eurlex/http://data.europa.eu/eli/dir_impl/2011/54/art_3/oj/generator
134/447 completed decider/eurlex/http://data.europa.eu/eli/reg/2012/966/art_56/oj/generator
135/447 completed decider/eurlex/http://data.europa.eu/eli/reg/2009/193/art_1/oj/jev
136/447 completed decider/eurlex/http://data.europa.eu/eli/dir/2004/66/art_2/oj/generator
137/447 completed decider/eurlex/http://data.europa.eu/eli/reg_impl/2011/452/art_1/oj/jev
138/447 completed decider/eurlex/http://data.europa.eu/eli/reg/2014/912/art_8/oj/jev
139/447 completed decider/eurlex/http://data.europa.eu/eli/reg_impl/2011/1008/art_1/oj/generator
140/447 completed decider/eurlex/http://data.europa.eu/eli/reg/2011/492/art_17/oj/generator
141/447 completed decider/eurlex/http://data.europa.eu/eli/dir/2015/566/art_9/oj/generator
142/447 completed decider/eurlex/http://data.europa.eu/eli/dir/2014/50/art_5/oj/jev
143/447 completed decider/eurlex/http://data.europa.eu/eli/dir/2005/86/art_2/oj/generator
144/447 completed decider/eurlex/http://data.europa.eu/eli/reg_impl/2011/1333/art_11/oj/jev
145/447 completed decider/eurlex/http://data.europa.eu/eli/reg/2009/193/art_1/oj/generator
146/447 completed decider/eurlex/http://data.europa.eu/eli/reg_impl/2012/282/art_1/oj/jev
147/447 completed decider/eurlex/http://data.europa.eu/eli/reg_impl/2011/452/art_1/oj/generator
148/447 completed decider/eurlex/http://data.europa.eu/eli/reg/2008/1165/art_16/oj/generator
149/447 completed decider/eurlex/http://data.europa.eu/eli/reg/2006/1906/art_50/oj/jev
150/447 completed decider/eurlex/http://data.europa.eu/eli/dir/2014/59/art_77/oj/jev
151/447 completed decider/eurlex/http://data.europa.eu/eli/dir/2014/50/art_5/oj/generator
152/447 completed decider/eurlex/http://data.europa.eu/eli/reg/2007/520/art_24/oj/jev
153/447 completed decider/eurlex/http://data.europa.eu/eli/reg/2014/912/art_8/oj/generator
154/447 completed decider/eurlex/http://data.europa.eu/eli/dir/2005/9/art_2/oj/jev
155/447 completed decider/eurlex/http://data.europa.eu/eli/reg_impl/2012/1081/art_10/oj/jev
156/447 completed decider/eurlex/http://data.europa.eu/eli/reg_impl/2011/1333/art_11/oj/generator
157/447 completed decider/eurlex/http://data.europa.eu/eli/reg/2014/788/art_20/oj/jev
158/447 completed decider/eurlex/http://data.europa.eu/eli/dir/2014/59/art_77/oj/generator
159/447 completed decider/eurlex/http://data.europa.eu/eli/reg/2011/333/art_2/oj/jev
160/447 completed decider/eurlex/http://data.europa.eu/eli/reg_impl/2012/1081/art_10/oj/generator
161/447 completed decider/eurlex/http://data.europa.eu/eli/dir/2005/9/art_2/oj/generator
162/447 completed decider/eurlex/http://data.europa.eu/eli/dir/2014/65/art_36/oj/jev
163/447 completed decider/eurlex/http://data.europa.eu/eli/reg_del/2013/811/art_1/oj/jev
164/447 completed decider/eurlex/http://data.europa.eu/eli/reg/2006/1906/art_50/oj/generator
165/447 completed decider/eurlex/http://data.europa.eu/eli/reg/2009/1072/art_1/oj/jev
166/447 completed decider/eurlex/http://data.europa.eu/eli/reg/2005/1572/art_4/oj/jev
167/447 completed decider/eurlex/http://data.europa.eu/eli/reg/2013/1290/art_57/oj/jev
168/447 completed decider/eurlex/http://data.europa.eu/eli/reg/2007/520/art_24/oj/generator
169/447 completed decider/eurlex/http://data.europa.eu/eli/reg/2013/1381/art_5/oj/jev
170/447 completed decider/eurlex/http://data.europa.eu/eli/reg_impl/2012/282/art_1/oj/generator
171/447 completed decider/eurlex/http://data.europa.eu/eli/reg/2007/1386/art_55/oj/jev
172/447 completed decider/eurlex/http://data.europa.eu/eli/dir/2014/65/art_36/oj/generator
173/447 completed decider/eurlex/http://data.europa.eu/eli/reg_del/2013/811/art_1/oj/generator
174/447 completed decider/eurlex/http://data.europa.eu/eli/reg/2009/436/art_36/oj/jev
175/447 completed decider/eurlex/http://data.europa.eu/eli/reg/2014/788/art_20/oj/generator
176/447 completed decider/eurlex/http://data.europa.eu/eli/reg/2009/1072/art_1/oj/generator
177/447 completed decider/eurlex/http://data.europa.eu/eli/dir/2006/112/art_111/oj/jev
178/447 completed decider/eurlex/http://data.europa.eu/eli/reg_del/2013/231/art_43/oj/jev
179/447 completed decider/eurlex/http://data.europa.eu/eli/reg/2005/1572/art_4/oj/generator
180/447 completed decider/eurlex/http://data.europa.eu/eli/reg/2011/333/art_2/oj/generator
181/447 completed decider/eurlex/http://data.europa.eu/eli/reg/2006/1083/art_47/oj/jev
182/447 completed decider/eurlex/http://data.europa.eu/eli/reg/2013/1381/art_5/oj/generator
183/447 completed decider/eurlex/http://data.europa.eu/eli/reg/2013/1290/art_57/oj/generator
184/447 completed decider/eurlex/http://data.europa.eu/eli/reg_impl/2014/181/art_5/oj/jev
185/447 completed decider/eurlex/http://data.europa.eu/eli/reg/2009/1130/art_22/oj/jev
186/447 completed decider/eurlex/http://data.europa.eu/eli/reg/2007/1386/art_55/oj/generator
187/447 completed decider/eurlex/http://data.europa.eu/eli/dir/2014/26/art_2/oj/jev
188/447 completed decider/eurlex/http://data.europa.eu/eli/reg/2012/493/art_3/oj/jev
189/447 completed decider/eurlex/http://data.europa.eu/eli/reg_del/2013/231/art_43/oj/generator
190/447 completed decider/eurlex/http://data.europa.eu/eli/reg/2009/436/art_36/oj/generator
191/447 completed decider/eurlex/http://data.europa.eu/eli/reg/2014/1141/art_16/oj/jev
192/447 completed decider/eurlex/http://data.europa.eu/eli/reg_impl/2014/181/art_5/oj/generator
193/447 completed decider/eurlex/http://data.europa.eu/eli/dir/2006/112/art_111/oj/generator
194/447 completed decider/eurlex/http://data.europa.eu/eli/reg/2009/1130/art_22/oj/generator
195/447 completed decider/eurlex/http://data.europa.eu/eli/reg/2006/1083/art_47/oj/generator
196/447 completed decider/eurlex/http://data.europa.eu/eli/reg/2012/493/art_3/oj/generator
197/447 completed decider/eurlex/http://data.europa.eu/eli/reg/2014/1141/art_16/oj/generator
198/447 completed decider/eurlex/http://data.europa.eu/eli/dir/2014/26/art_2/oj/generator
199/447 completed mode/un/2011/a/res/65/212#13/semantic
200/447 completed mode/un/2011/a/res/65/263#2/lookup
201/447 completed mode/un/2006/a/res/61/183#3/semantic
202/447 completed mode/un/2013/a/res/67/199#12/lookup
203/447 completed mode/un/2011/a/res/65/212#13/practitioner
204/447 completed mode/un/2011/a/res/65/263#2/practitioner
205/447 completed mode/un/2013/a/res/67/199#12/practitioner
206/447 completed mode/un/2006/a/res/61/183#3/lookup
207/447 completed mode/un/2013/a/res/68/143#7/semantic
208/447 failed mode/un/2013/a/res/67/199#12/semantic
209/447 completed mode/un/2014/a/res/68/254#2/semantic
210/447 completed mode/un/2006/a/res/61/183#3/practitioner
211/447 completed mode/un/2013/a/res/68/143#7/practitioner
212/447 completed mode/un/2014/a/res/68/254#2/lookup
213/447 completed mode/un/2011/a/res/65/263#2/semantic
214/447 completed mode/un/2014/a/res/68/254#2/practitioner
215/447 completed mode/un/2013/a/res/68/143#7/lookup
216/447 completed mode/un/2001/a/res/55/114#5/semantic
217/447 completed mode/un/2007/a/res/62/137#12/semantic
218/447 completed mode/un/2005/a/res/60/226#3/semantic
219/447 completed mode/un/2001/a/res/55/114#5/lookup
220/447 completed mode/un/2001/a/res/55/114#5/practitioner
221/447 completed mode/un/2005/a/res/60/226#3/lookup
222/447 completed mode/un/2013/a/res/68/18#1/lookup
223/447 completed mode/un/2007/a/res/62/137#12/lookup
224/447 completed mode/un/2013/a/res/68/18#1/practitioner
225/447 completed mode/un/2013/a/res/68/18#1/semantic
226/447 completed mode/un/2005/a/res/60/226#3/practitioner
227/447 completed mode/un/2001/s/res/1376_2001_#2/semantic
228/447 completed mode/un/2001/s/res/1376_2001_#2/lookup
229/447 completed mode/un/2008/s/res/1806_2008_#8/practitioner
230/447 failed mode/un/2007/a/res/62/137#12/practitioner
231/447 completed mode/un/2008/s/res/1806_2008_#8/lookup
232/447 completed mode/un/2003/s/res/1466_2003_#3/lookup
233/447 completed mode/un/2008/s/res/1806_2008_#8/semantic
234/447 completed mode/un/2003/s/res/1466_2003_#3/practitioner
235/447 completed mode/un/2003/s/res/1466_2003_#3/semantic
236/447 failed mode/un/2001/s/res/1376_2001_#2/practitioner
237/447 completed mode/un/2008/s/res/1845_2008_#3/semantic
238/447 completed mode/un/2004/s/res/1565_2004_#11/practitioner
239/447 completed mode/un/2008/s/res/1845_2008_#3/practitioner
240/447 completed mode/un/2008/s/res/1845_2008_#3/lookup
241/447 completed mode/un/2004/s/res/1565_2004_#11/semantic
242/447 completed mode/un/2002/a/res/56/188#8/practitioner
243/447 completed mode/un/2004/s/res/1565_2004_#11/lookup
244/447 completed mode/un/2005/a/res/60/47#0/practitioner
245/447 completed mode/un/2002/a/res/56/188#8/lookup
246/447 completed mode/un/2011/s/res/1988_2011_#19/lookup
247/447 completed mode/un/2011/s/res/1988_2011_#19/semantic
248/447 completed mode/un/2005/a/res/60/47#0/semantic
249/447 completed mode/un/2005/a/res/60/47#0/lookup
250/447 completed mode/un/2004/a/res/59/61#0/practitioner
251/447 completed mode/un/2011/s/res/1988_2011_#19/practitioner
252/447 completed mode/un/2004/a/res/59/61#0/semantic
253/447 completed mode/un/2004/a/res/59/61#0/lookup
254/447 completed mode/un/2013/a/res/67/145#7/lookup
255/447 failed mode/un/2002/a/res/56/188#8/semantic
256/447 completed mode/un/2013/a/res/67/145#7/semantic
257/447 completed mode/un/2013/a/res/67/145#7/practitioner
258/447 completed mode/un/2003/a/res/58/298#4/practitioner
259/447 completed mode/un/2003/a/res/58/298#4/semantic
260/447 completed mode/un/2003/a/res/58/298#4/lookup
261/447 completed mode/un/2013/a/res/67/222#6/practitioner
262/447 completed mode/un/2003/a/res/57/300#10/practitioner
263/447 completed mode/un/2013/a/res/67/222#6/lookup
264/447 completed mode/un/2013/a/res/67/222#6/semantic
265/447 completed mode/un/2003/a/res/57/300#10/lookup
266/447 completed mode/un/2003/a/res/57/137#1/lookup
267/447 failed mode/un/2003/a/res/57/300#10/semantic
268/447 completed mode/un/2014/s/res/2140__2014_#13/lookup
269/447 completed mode/un/2003/a/res/57/137#1/semantic
270/447 completed mode/un/2003/a/res/57/137#1/practitioner
271/447 completed mode/un/2014/s/res/2140__2014_#13/practitioner
272/447 completed mode/un/2004/a/c_2/58/sr_24#18/practitioner
273/447 completed mode/un/2008/cd/pv_1097#14/lookup
274/447 completed mode/un/2004/a/c_2/58/sr_24#18/lookup
275/447 completed mode/un/2008/cd/pv_1097#14/semantic
276/447 failed mode/un/2014/s/res/2140__2014_#13/semantic
277/447 completed mode/un/2008/cd/pv_1097#14/practitioner
278/447 failed mode/un/2004/a/c_2/58/sr_24#18/semantic
279/447 completed mode/un/2006/a/c_5/60/sr_64#14/lookup
280/447 completed mode/un/2006/a/c_5/60/sr_64#14/semantic
281/447 completed mode/un/2001/cedaw/c/sr_451#4/lookup
282/447 completed mode/un/2006/a/c_5/60/sr_64#14/practitioner
283/447 completed mode/un/2001/cedaw/c/sr_451#4/practitioner
284/447 completed mode/un/2001/cedaw/c/sr_451#4/semantic
285/447 completed mode/un/2008/a/ac_109/2008/sr_2#1/lookup
286/447 completed mode/un/2008/a/ac_109/2008/sr_2#1/practitioner
287/447 completed mode/un/2010/ccpr/c/sr_2695#25/semantic
288/447 completed mode/un/2007/gc_12/c_1/sr_1#10/practitioner
289/447 completed mode/un/2007/gc_12/c_1/sr_1#10/lookup
290/447 failed mode/un/2008/a/ac_109/2008/sr_2#1/semantic
291/447 completed mode/un/2010/ccpr/c/sr_2695#25/practitioner
292/447 completed mode/un/2010/ccpr/c/sr_2695#25/lookup
293/447 completed mode/un/2006/cedaw/c/sr_724#18/lookup
294/447 completed mode/un/2006/cedaw/c/sr_724#18/practitioner
295/447 completed mode/un/2007/gc_12/c_1/sr_1#10/semantic
296/447 completed mode/un/2006/cedaw/c/sr_724#18/semantic
297/447 completed mode/un/2005/cd/pv_983#13/practitioner
298/447 completed mode/un/2005/cd/pv_983#13/semantic
299/447 completed mode/un/2005/cd/pv_983#13/lookup
300/447 completed mode/un/1998/gc_7/c_1/sr_5#16/practitioner
301/447 completed mode/un/1998/gc_7/c_1/sr_5#16/lookup
302/447 completed mode/un/2006/ccw/conf_iii/sr_2#8/semantic
303/447 completed mode/un/1998/gc_7/c_1/sr_5#16/semantic
304/447 completed mode/un/2001/cd/pv_880#1/semantic
305/447 completed mode/un/2006/ccw/conf_iii/sr_2#8/practitioner
306/447 completed mode/un/2001/cd/pv_880#1/lookup
307/447 completed mode/un/2006/ccw/conf_iii/sr_2#8/lookup
308/447 completed mode/un/2010/a/cn_9/sr_917#10/lookup
309/447 completed mode/un/2010/a/cn_9/sr_917#10/practitioner
310/447 completed mode/un/2001/cd/pv_880#1/practitioner
311/447 completed mode/un/2010/a/cn_9/sr_917#10/semantic
312/447 completed mode/un/2007/cedaw/c/sr_770_b_#18/semantic
313/447 completed mode/un/2003/a/58/pv_1#15/semantic
314/447 completed mode/un/2003/a/58/pv_1#15/practitioner
315/447 completed mode/un/2003/a/58/pv_1#15/lookup
316/447 completed mode/un/2007/cedaw/c/sr_770_b_#18/lookup
317/447 completed mode/un/2002/a/c_4/57/sr_18#15/lookup
318/447 completed mode/un/2002/a/c_4/57/sr_18#15/semantic
319/447 completed mode/un/2007/cedaw/c/sr_778#5/semantic
320/447 completed mode/un/2007/cedaw/c/sr_778#5/lookup
321/447 completed mode/un/2007/cedaw/c/sr_770_b_#18/practitioner
322/447 completed mode/un/2007/cedaw/c/sr_778#5/practitioner
323/447 completed mode/un/2002/a/c_4/57/sr_18#15/practitioner
324/447 completed mode/un/2000/cd/pv_841#11/semantic
325/447 completed mode/un/2009/a/ac_109/2009/sr_7#4/lookup
326/447 completed mode/un/1999/cedaw/c/sr_434#16/semantic
327/447 completed mode/un/1999/cedaw/c/sr_434#16/lookup
328/447 completed mode/un/2009/a/ac_109/2009/sr_7#4/semantic
329/447 completed mode/un/2009/a/ac_109/2009/sr_7#4/practitioner
330/447 completed mode/un/2000/cd/pv_841#11/lookup
331/447 completed mode/un/2008/s/2008/774#11/lookup
332/447 completed mode/un/2000/cd/pv_841#11/practitioner
333/447 completed mode/un/1999/cedaw/c/sr_434#16/practitioner
334/447 completed mode/un/2012/s/2012/718#7/lookup
335/447 completed mode/un/2012/s/2012/718#7/practitioner
336/447 completed mode/un/2008/s/2008/774#11/practitioner
337/447 completed mode/un/2008/s/2008/774#11/semantic
338/447 completed mode/un/2012/s/2012/718#7/semantic
339/447 no_candidates mode/eurlex/http://data.europa.eu/eli/dir/2010/42/art_2/oj/fact_pattern
340/447 no_candidates mode/eurlex/http://data.europa.eu/eli/dir/2010/42/art_2/oj/lookup
341/447 completed mode/un/1998/s/1998/458#1/practitioner
342/447 completed mode/un/1998/s/1998/458#1/semantic
343/447 completed mode/un/1998/s/1998/458#1/lookup
344/447 completed mode/un/2004/s/2004/505#15/lookup
345/447 no_candidates mode/eurlex/http://data.europa.eu/eli/dir/2011/81/art_2/oj/fact_pattern
346/447 no_candidates mode/eurlex/http://data.europa.eu/eli/dir/2011/81/art_2/oj/lookup
347/447 no_candidates mode/eurlex/http://data.europa.eu/eli/dir/2006/28/art_3/oj/fact_pattern
348/447 no_candidates mode/eurlex/http://data.europa.eu/eli/dir/2006/28/art_3/oj/lookup
349/447 completed mode/un/2004/s/2004/674#6/semantic
350/447 completed mode/un/2004/s/2004/505#15/practitioner
351/447 no_candidates mode/eurlex/http://data.europa.eu/eli/reg/2011/1173/art_13/oj/fact_pattern
352/447 completed mode/eurlex/http://data.europa.eu/eli/reg/2014/910/art_41/oj/fact_pattern
353/447 no_candidates mode/eurlex/http://data.europa.eu/eli/reg/2011/1173/art_13/oj/lookup
354/447 completed mode/eurlex/http://data.europa.eu/eli/reg/2014/910/art_41/oj/lookup
355/447 completed mode/un/2004/s/2004/674#6/lookup
356/447 completed mode/eurlex/http://data.europa.eu/eli/reg/2011/1043/art_1/oj/fact_pattern
357/447 no_candidates mode/eurlex/http://data.europa.eu/eli/dir/2006/60/art_2/oj/fact_pattern
358/447 failed mode/un/2004/s/2004/505#15/semantic
359/447 no_candidates mode/eurlex/http://data.europa.eu/eli/dir/2006/60/art_2/oj/lookup
360/447 completed mode/eurlex/http://data.europa.eu/eli/reg/2011/1043/art_1/oj/lookup
361/447 completed mode/eurlex/http://data.europa.eu/eli/reg/2011/1077/art_14/oj/fact_pattern
362/447 completed mode/eurlex/http://data.europa.eu/eli/reg/2005/1651/art_4/oj/fact_pattern
363/447 completed mode/eurlex/http://data.europa.eu/eli/reg/2011/1077/art_14/oj/lookup
364/447 completed mode/eurlex/http://data.europa.eu/eli/reg/2010/1031/art_48/oj/fact_pattern
365/447 no_candidates mode/eurlex/http://data.europa.eu/eli/dir/2005/86/art_2/oj/fact_pattern
366/447 completed mode/eurlex/http://data.europa.eu/eli/reg/2014/312/art_16/oj/fact_pattern
367/447 completed mode/eurlex/http://data.europa.eu/eli/reg/2010/1031/art_48/oj/lookup
368/447 no_candidates mode/eurlex/http://data.europa.eu/eli/dir/2005/86/art_2/oj/lookup
369/447 no_candidates mode/eurlex/http://data.europa.eu/eli/reg/2012/966/art_56/oj/fact_pattern
370/447 no_candidates mode/eurlex/http://data.europa.eu/eli/dir/2007/68/art_2/oj/fact_pattern
371/447 no_candidates mode/eurlex/http://data.europa.eu/eli/dir/2007/68/art_2/oj/lookup
372/447 no_candidates mode/eurlex/http://data.europa.eu/eli/dir_impl/2011/54/art_3/oj/fact_pattern
373/447 no_candidates mode/eurlex/http://data.europa.eu/eli/dir/2004/66/art_2/oj/fact_pattern
374/447 no_candidates mode/eurlex/http://data.europa.eu/eli/dir_impl/2011/54/art_3/oj/lookup
375/447 completed mode/eurlex/http://data.europa.eu/eli/reg/2014/165/art_23/oj/fact_pattern
376/447 failed mode/un/2004/s/2004/674#6/practitioner
377/447 no_candidates mode/eurlex/http://data.europa.eu/eli/dir/2004/66/art_2/oj/lookup
378/447 completed mode/eurlex/http://data.europa.eu/eli/reg/2014/165/art_23/oj/lookup
379/447 completed mode/eurlex/http://data.europa.eu/eli/reg/2011/492/art_17/oj/lookup
380/447 no_candidates mode/eurlex/http://data.europa.eu/eli/dir/2015/566/art_9/oj/lookup
381/447 no_candidates mode/eurlex/http://data.europa.eu/eli/dir/2015/566/art_9/oj/fact_pattern
382/447 completed mode/eurlex/http://data.europa.eu/eli/reg/2014/312/art_16/oj/lookup
383/447 completed mode/eurlex/http://data.europa.eu/eli/reg/2005/1651/art_4/oj/lookup
384/447 completed mode/eurlex/http://data.europa.eu/eli/reg/2011/492/art_17/oj/fact_pattern
385/447 completed mode/eurlex/http://data.europa.eu/eli/reg/2008/1165/art_16/oj/fact_pattern
386/447 completed mode/eurlex/http://data.europa.eu/eli/reg/2012/966/art_56/oj/lookup
387/447 completed mode/eurlex/http://data.europa.eu/eli/reg_impl/2011/1008/art_1/oj/fact_pattern
388/447 completed mode/eurlex/http://data.europa.eu/eli/reg_impl/2011/1008/art_1/oj/lookup
389/447 completed mode/eurlex/http://data.europa.eu/eli/reg/2008/1165/art_16/oj/lookup
390/447 completed mode/eurlex/http://data.europa.eu/eli/reg/2009/193/art_1/oj/lookup
391/447 completed mode/eurlex/http://data.europa.eu/eli/reg_impl/2011/452/art_1/oj/lookup
392/447 completed mode/eurlex/http://data.europa.eu/eli/reg/2009/193/art_1/oj/fact_pattern
393/447 completed mode/eurlex/http://data.europa.eu/eli/reg_impl/2011/452/art_1/oj/fact_pattern
394/447 completed mode/eurlex/http://data.europa.eu/eli/reg/2014/912/art_8/oj/fact_pattern
395/447 completed mode/eurlex/http://data.europa.eu/eli/reg/2014/912/art_8/oj/lookup
396/447 completed mode/eurlex/http://data.europa.eu/eli/dir/2014/50/art_5/oj/lookup
397/447 completed mode/eurlex/http://data.europa.eu/eli/reg_impl/2011/1333/art_11/oj/fact_pattern
398/447 completed mode/eurlex/http://data.europa.eu/eli/reg_impl/2012/282/art_1/oj/fact_pattern
399/447 completed mode/eurlex/http://data.europa.eu/eli/reg_impl/2011/1333/art_11/oj/lookup
400/447 completed mode/eurlex/http://data.europa.eu/eli/dir/2014/59/art_77/oj/lookup
401/447 no_candidates mode/eurlex/http://data.europa.eu/eli/dir/2005/9/art_2/oj/fact_pattern
402/447 completed mode/eurlex/http://data.europa.eu/eli/reg_impl/2012/1081/art_10/oj/lookup
403/447 no_candidates mode/eurlex/http://data.europa.eu/eli/dir/2005/9/art_2/oj/lookup
404/447 completed mode/eurlex/http://data.europa.eu/eli/dir/2014/59/art_77/oj/fact_pattern
405/447 failed mode/eurlex/http://data.europa.eu/eli/dir/2014/50/art_5/oj/fact_pattern
406/447 completed mode/eurlex/http://data.europa.eu/eli/reg_impl/2012/1081/art_10/oj/fact_pattern
407/447 completed mode/eurlex/http://data.europa.eu/eli/reg_impl/2012/282/art_1/oj/lookup
408/447 completed mode/eurlex/http://data.europa.eu/eli/reg/2006/1906/art_50/oj/fact_pattern
409/447 completed mode/eurlex/http://data.europa.eu/eli/reg/2006/1906/art_50/oj/lookup
410/447 completed mode/eurlex/http://data.europa.eu/eli/reg/2014/788/art_20/oj/fact_pattern
411/447 completed mode/eurlex/http://data.europa.eu/eli/reg/2007/520/art_24/oj/lookup
412/447 completed mode/eurlex/http://data.europa.eu/eli/reg/2014/788/art_20/oj/lookup
413/447 completed mode/eurlex/http://data.europa.eu/eli/reg/2007/520/art_24/oj/fact_pattern
414/447 completed mode/eurlex/http://data.europa.eu/eli/dir/2014/65/art_36/oj/fact_pattern
415/447 completed mode/eurlex/http://data.europa.eu/eli/reg_del/2013/811/art_1/oj/fact_pattern
416/447 completed mode/eurlex/http://data.europa.eu/eli/dir/2014/65/art_36/oj/lookup
417/447 failed mode/eurlex/http://data.europa.eu/eli/reg/2011/333/art_2/oj/fact_pattern
418/447 completed mode/eurlex/http://data.europa.eu/eli/reg/2005/1572/art_4/oj/fact_pattern
419/447 completed mode/eurlex/http://data.europa.eu/eli/reg/2011/333/art_2/oj/lookup
420/447 completed mode/eurlex/http://data.europa.eu/eli/reg_del/2013/811/art_1/oj/lookup
421/447 completed mode/eurlex/http://data.europa.eu/eli/reg/2005/1572/art_4/oj/lookup
422/447 completed mode/eurlex/http://data.europa.eu/eli/reg/2009/1072/art_1/oj/fact_pattern
423/447 completed mode/eurlex/http://data.europa.eu/eli/reg/2013/1290/art_57/oj/fact_pattern
424/447 completed mode/eurlex/http://data.europa.eu/eli/reg/2009/1072/art_1/oj/lookup
425/447 completed mode/eurlex/http://data.europa.eu/eli/reg/2013/1381/art_5/oj/fact_pattern
426/447 completed mode/eurlex/http://data.europa.eu/eli/reg/2013/1381/art_5/oj/lookup
427/447 completed mode/eurlex/http://data.europa.eu/eli/reg/2007/1386/art_55/oj/fact_pattern
428/447 completed mode/eurlex/http://data.europa.eu/eli/reg/2013/1290/art_57/oj/lookup
429/447 completed mode/eurlex/http://data.europa.eu/eli/dir/2006/112/art_111/oj/fact_pattern
430/447 completed mode/eurlex/http://data.europa.eu/eli/reg/2007/1386/art_55/oj/lookup
431/447 completed mode/eurlex/http://data.europa.eu/eli/reg/2009/436/art_36/oj/lookup
432/447 completed mode/eurlex/http://data.europa.eu/eli/reg_del/2013/231/art_43/oj/fact_pattern
433/447 completed mode/eurlex/http://data.europa.eu/eli/dir/2006/112/art_111/oj/lookup
434/447 completed mode/eurlex/http://data.europa.eu/eli/reg_impl/2014/181/art_5/oj/fact_pattern
435/447 failed mode/eurlex/http://data.europa.eu/eli/reg/2009/436/art_36/oj/fact_pattern
436/447 completed mode/eurlex/http://data.europa.eu/eli/reg_del/2013/231/art_43/oj/lookup
437/447 completed mode/eurlex/http://data.europa.eu/eli/reg/2006/1083/art_47/oj/fact_pattern
438/447 completed mode/eurlex/http://data.europa.eu/eli/reg/2006/1083/art_47/oj/lookup
439/447 completed mode/eurlex/http://data.europa.eu/eli/dir/2014/26/art_2/oj/fact_pattern
440/447 completed mode/eurlex/http://data.europa.eu/eli/reg/2009/1130/art_22/oj/lookup
441/447 completed mode/eurlex/http://data.europa.eu/eli/reg_impl/2014/181/art_5/oj/lookup
442/447 completed mode/eurlex/http://data.europa.eu/eli/reg/2009/1130/art_22/oj/fact_pattern
443/447 completed mode/eurlex/http://data.europa.eu/eli/dir/2014/26/art_2/oj/lookup
444/447 completed mode/eurlex/http://data.europa.eu/eli/reg/2012/493/art_3/oj/fact_pattern
445/447 completed mode/eurlex/http://data.europa.eu/eli/reg/2012/493/art_3/oj/lookup
446/447 completed mode/eurlex/http://data.europa.eu/eli/reg/2014/1141/art_16/oj/lookup
447/447 completed mode/eurlex/http://data.europa.eu/eli/reg/2014/1141/art_16/oj/fact_pattern
DONE 100 documents, 13 failed tasks -> reports/prompt_experiments/legal_20260930/debiased/run
