Selected 100 unique documents: {('un', 'resolution'): 25, ('un', 'meeting'): 20, ('un', 'letter'): 5, ('eurlex', 'no_refs'): 40, ('eurlex', 'one_ref'): 4, ('eurlex', 'few_refs'): 3, ('eurlex', 'many_refs'): 3}
PREFLIGHT decider/un/2011/a/res/65/212#13/generator completed
PREFLIGHT decider/un/2011/a/res/65/212#13/jev completed
PREFLIGHT mode/un/2011/a/res/65/212#13/lookup completed
1/447 completed decider/un/2013/a/res/67/199#12/jev
2/447 completed decider/un/2013/a/res/68/143#7/jev
3/447 completed decider/un/2011/a/res/65/263#2/jev
4/447 completed decider/un/2006/a/res/61/183#3/jev
5/447 completed decider/un/2001/a/res/55/114#5/jev
6/447 completed decider/un/2007/a/res/62/137#12/jev
7/447 completed decider/un/2005/a/res/60/226#3/jev
8/447 completed decider/un/2014/a/res/68/254#2/jev
9/447 completed decider/un/2013/a/res/68/18#1/jev
10/447 completed decider/un/2013/a/res/67/199#12/generator
11/447 completed decider/un/2001/s/res/1376_2001_#2/jev
12/447 completed decider/un/2001/a/res/55/114#5/generator
13/447 completed decider/un/2008/s/res/1806_2008_#8/jev
14/447 completed decider/un/2013/a/res/68/18#1/generator
15/447 completed decider/un/2006/a/res/61/183#3/generator
16/447 completed decider/un/2011/a/res/65/263#2/generator
17/447 completed decider/un/2003/s/res/1466_2003_#3/jev
18/447 completed decider/un/2008/s/res/1845_2008_#3/jev
19/447 completed decider/un/2013/a/res/68/143#7/generator
20/447 completed decider/un/2004/s/res/1565_2004_#11/jev
21/447 completed decider/un/2001/s/res/1376_2001_#2/generator
22/447 completed decider/un/2005/a/res/60/226#3/generator
23/447 completed decider/un/2005/a/res/60/47#0/jev
24/447 completed decider/un/2004/s/res/1565_2004_#11/generator
25/447 completed decider/un/2011/s/res/1988_2011_#19/jev
26/447 completed decider/un/2002/a/res/56/188#8/jev
27/447 completed decider/un/2007/a/res/62/137#12/generator
28/447 completed decider/un/2014/a/res/68/254#2/generator
29/447 completed decider/un/2004/a/res/59/61#0/jev
30/447 completed decider/un/2002/a/res/56/188#8/generator
31/447 completed decider/un/2003/s/res/1466_2003_#3/generator
32/447 completed decider/un/2003/a/res/58/298#4/jev
33/447 completed decider/un/2008/s/res/1806_2008_#8/generator
34/447 completed decider/un/2003/a/res/57/300#10/jev
35/447 completed decider/un/2013/a/res/67/222#6/jev
36/447 completed decider/un/2013/a/res/67/145#7/jev
37/447 completed decider/un/2005/a/res/60/47#0/generator
38/447 completed decider/un/2003/a/res/57/137#1/jev
39/447 completed decider/un/2014/s/res/2140__2014_#13/jev
40/447 completed decider/un/2003/a/res/58/298#4/generator
41/447 completed decider/un/2003/a/res/57/300#10/generator
42/447 completed decider/un/2004/a/c_2/58/sr_24#18/jev
43/447 completed decider/un/2008/cd/pv_1097#14/jev
44/447 completed decider/un/2011/s/res/1988_2011_#19/generator
45/447 completed decider/un/2006/a/c_5/60/sr_64#14/jev
46/447 completed decider/un/2008/s/res/1845_2008_#3/generator
47/447 completed decider/un/2001/cedaw/c/sr_451#4/jev
48/447 completed decider/un/2003/a/res/57/137#1/generator
49/447 completed decider/un/2013/a/res/67/222#6/generator
50/447 completed decider/un/2008/a/ac_109/2008/sr_2#1/jev
51/447 completed decider/un/2010/ccpr/c/sr_2695#25/jev
52/447 completed decider/un/2004/a/res/59/61#0/generator
53/447 completed decider/un/2007/gc_12/c_1/sr_1#10/jev
54/447 completed decider/un/2013/a/res/67/145#7/generator
55/447 completed decider/un/2006/cedaw/c/sr_724#18/jev
56/447 completed decider/un/2004/a/c_2/58/sr_24#18/generator
57/447 completed decider/un/2005/cd/pv_983#13/jev
58/447 completed decider/un/2008/a/ac_109/2008/sr_2#1/generator
59/447 completed decider/un/2006/a/c_5/60/sr_64#14/generator
60/447 completed decider/un/2014/s/res/2140__2014_#13/generator
61/447 completed decider/un/1998/gc_7/c_1/sr_5#16/jev
62/447 completed decider/un/2001/cedaw/c/sr_451#4/generator
63/447 completed decider/un/2006/ccw/conf_iii/sr_2#8/jev
64/447 completed decider/un/2001/cd/pv_880#1/jev
65/447 completed decider/un/2010/a/cn_9/sr_917#10/jev
66/447 completed decider/un/2007/gc_12/c_1/sr_1#10/generator
67/447 completed decider/un/2003/a/58/pv_1#15/jev
68/447 completed decider/un/2010/ccpr/c/sr_2695#25/generator
69/447 completed decider/un/2008/cd/pv_1097#14/generator
70/447 completed decider/un/2007/cedaw/c/sr_770_b_#18/jev
71/447 completed decider/un/2002/a/c_4/57/sr_18#15/jev
72/447 completed decider/un/2005/cd/pv_983#13/generator
73/447 completed decider/un/2007/cedaw/c/sr_778#5/jev
74/447 completed decider/un/2010/a/cn_9/sr_917#10/generator
75/447 completed decider/un/2003/a/58/pv_1#15/generator
76/447 completed decider/un/2000/cd/pv_841#11/jev
77/447 completed decider/un/1999/cedaw/c/sr_434#16/jev
78/447 completed decider/un/2002/a/c_4/57/sr_18#15/generator
79/447 completed decider/un/2009/a/ac_109/2009/sr_7#4/jev
80/447 completed decider/un/2007/cedaw/c/sr_770_b_#18/generator
81/447 completed decider/un/1998/gc_7/c_1/sr_5#16/generator
82/447 completed decider/un/2008/s/2008/774#11/jev
83/447 completed decider/un/2012/s/2012/718#7/jev
84/447 completed decider/un/2001/cd/pv_880#1/generator
85/447 completed decider/un/1998/s/1998/458#1/jev
86/447 completed decider/un/2006/cedaw/c/sr_724#18/generator
87/447 completed decider/un/2009/a/ac_109/2009/sr_7#4/generator
88/447 completed decider/un/2007/cedaw/c/sr_778#5/generator
89/447 completed decider/un/2004/s/2004/505#15/jev
90/447 completed decider/un/2006/ccw/conf_iii/sr_2#8/generator
91/447 completed decider/un/2004/s/2004/674#6/jev
92/447 completed decider/eurlex/http://data.europa.eu/eli/dir/2010/42/art_2/oj/jev
93/447 completed decider/un/2000/cd/pv_841#11/generator
94/447 completed decider/un/1999/cedaw/c/sr_434#16/generator
95/447 completed decider/eurlex/http://data.europa.eu/eli/reg/2014/910/art_41/oj/jev
96/447 completed decider/un/2008/s/2008/774#11/generator
97/447 completed decider/eurlex/http://data.europa.eu/eli/dir/2011/81/art_2/oj/jev
98/447 completed decider/un/2012/s/2012/718#7/generator
99/447 completed decider/eurlex/http://data.europa.eu/eli/reg/2011/1043/art_1/oj/jev
100/447 completed decider/eurlex/http://data.europa.eu/eli/dir/2010/42/art_2/oj/generator
101/447 completed decider/un/2004/s/2004/505#15/generator
102/447 completed decider/eurlex/http://data.europa.eu/eli/dir/2006/28/art_3/oj/jev
103/447 completed decider/un/1998/s/1998/458#1/generator
104/447 completed decider/eurlex/http://data.europa.eu/eli/reg/2011/1077/art_14/oj/jev
105/447 completed decider/eurlex/http://data.europa.eu/eli/reg/2011/1173/art_13/oj/jev
106/447 completed decider/eurlex/http://data.europa.eu/eli/reg/2005/1651/art_4/oj/jev
107/447 completed decider/eurlex/http://data.europa.eu/eli/reg/2010/1031/art_48/oj/jev
108/447 completed decider/eurlex/http://data.europa.eu/eli/reg/2011/1043/art_1/oj/generator
109/447 completed decider/eurlex/http://data.europa.eu/eli/dir/2006/60/art_2/oj/jev
110/447 completed decider/un/2004/s/2004/674#6/generator
111/447 completed decider/eurlex/http://data.europa.eu/eli/reg/2011/1173/art_13/oj/generator
112/447 completed decider/eurlex/http://data.europa.eu/eli/dir/2006/28/art_3/oj/generator
113/447 completed decider/eurlex/http://data.europa.eu/eli/reg/2014/910/art_41/oj/generator
114/447 completed decider/eurlex/http://data.europa.eu/eli/reg/2014/312/art_16/oj/jev
115/447 completed decider/eurlex/http://data.europa.eu/eli/reg/2014/165/art_23/oj/jev
116/447 completed decider/eurlex/http://data.europa.eu/eli/dir/2011/81/art_2/oj/generator
117/447 completed decider/eurlex/http://data.europa.eu/eli/reg/2011/492/art_17/oj/jev
118/447 completed decider/eurlex/http://data.europa.eu/eli/dir/2005/86/art_2/oj/jev
119/447 completed decider/eurlex/http://data.europa.eu/eli/reg/2010/1031/art_48/oj/generator
120/447 completed decider/eurlex/http://data.europa.eu/eli/reg/2012/966/art_56/oj/jev
121/447 completed decider/eurlex/http://data.europa.eu/eli/dir/2006/60/art_2/oj/generator
122/447 completed decider/eurlex/http://data.europa.eu/eli/reg/2005/1651/art_4/oj/generator
123/447 completed decider/eurlex/http://data.europa.eu/eli/dir/2007/68/art_2/oj/jev
124/447 completed decider/eurlex/http://data.europa.eu/eli/dir_impl/2011/54/art_3/oj/jev
125/447 completed decider/eurlex/http://data.europa.eu/eli/dir/2004/66/art_2/oj/jev
126/447 completed decider/eurlex/http://data.europa.eu/eli/reg/2011/1077/art_14/oj/generator
127/447 completed decider/eurlex/http://data.europa.eu/eli/dir/2005/86/art_2/oj/generator
128/447 completed decider/eurlex/http://data.europa.eu/eli/reg/2008/1165/art_16/oj/jev
129/447 completed decider/eurlex/http://data.europa.eu/eli/reg_impl/2011/1008/art_1/oj/jev
130/447 completed decider/eurlex/http://data.europa.eu/eli/reg/2012/966/art_56/oj/generator
131/447 completed decider/eurlex/http://data.europa.eu/eli/reg/2011/492/art_17/oj/generator
132/447 completed decider/eurlex/http://data.europa.eu/eli/dir/2015/566/art_9/oj/jev
133/447 completed decider/eurlex/http://data.europa.eu/eli/reg/2014/165/art_23/oj/generator
134/447 completed decider/eurlex/http://data.europa.eu/eli/reg/2009/193/art_1/oj/jev
135/447 completed decider/eurlex/http://data.europa.eu/eli/dir/2004/66/art_2/oj/generator
136/447 completed decider/eurlex/http://data.europa.eu/eli/dir/2007/68/art_2/oj/generator
137/447 completed decider/eurlex/http://data.europa.eu/eli/reg_impl/2011/452/art_1/oj/jev
138/447 completed decider/eurlex/http://data.europa.eu/eli/dir_impl/2011/54/art_3/oj/generator
139/447 completed decider/eurlex/http://data.europa.eu/eli/reg/2014/912/art_8/oj/jev
140/447 completed decider/eurlex/http://data.europa.eu/eli/dir/2014/50/art_5/oj/jev
141/447 completed decider/eurlex/http://data.europa.eu/eli/dir/2014/59/art_77/oj/jev
142/447 completed decider/eurlex/http://data.europa.eu/eli/reg_impl/2011/1008/art_1/oj/generator
143/447 completed decider/eurlex/http://data.europa.eu/eli/reg/2008/1165/art_16/oj/generator
144/447 completed decider/eurlex/http://data.europa.eu/eli/dir/2015/566/art_9/oj/generator
145/447 completed decider/eurlex/http://data.europa.eu/eli/reg_impl/2012/282/art_1/oj/jev
146/447 completed decider/eurlex/http://data.europa.eu/eli/reg_impl/2011/1333/art_11/oj/jev
147/447 completed decider/eurlex/http://data.europa.eu/eli/reg/2014/312/art_16/oj/generator
148/447 completed decider/eurlex/http://data.europa.eu/eli/reg/2009/193/art_1/oj/generator
149/447 completed decider/eurlex/http://data.europa.eu/eli/reg_impl/2012/1081/art_10/oj/jev
150/447 completed decider/eurlex/http://data.europa.eu/eli/reg/2006/1906/art_50/oj/jev
151/447 completed decider/eurlex/http://data.europa.eu/eli/dir/2014/50/art_5/oj/generator
152/447 completed decider/eurlex/http://data.europa.eu/eli/reg/2007/520/art_24/oj/jev
153/447 completed decider/eurlex/http://data.europa.eu/eli/dir/2005/9/art_2/oj/jev
154/447 completed decider/eurlex/http://data.europa.eu/eli/dir/2014/59/art_77/oj/generator
155/447 completed decider/eurlex/http://data.europa.eu/eli/reg/2014/788/art_20/oj/jev
156/447 completed decider/eurlex/http://data.europa.eu/eli/reg_impl/2011/452/art_1/oj/generator
157/447 completed decider/eurlex/http://data.europa.eu/eli/reg/2011/333/art_2/oj/jev
158/447 completed decider/eurlex/http://data.europa.eu/eli/reg/2006/1906/art_50/oj/generator
159/447 completed decider/eurlex/http://data.europa.eu/eli/reg_impl/2012/1081/art_10/oj/generator
160/447 completed decider/eurlex/http://data.europa.eu/eli/dir/2014/65/art_36/oj/jev
161/447 completed decider/eurlex/http://data.europa.eu/eli/dir/2005/9/art_2/oj/generator
162/447 completed decider/eurlex/http://data.europa.eu/eli/reg_del/2013/811/art_1/oj/jev
163/447 completed decider/eurlex/http://data.europa.eu/eli/reg/2007/520/art_24/oj/generator
164/447 completed decider/eurlex/http://data.europa.eu/eli/reg/2009/1072/art_1/oj/jev
165/447 completed decider/eurlex/http://data.europa.eu/eli/reg/2005/1572/art_4/oj/jev
166/447 completed decider/eurlex/http://data.europa.eu/eli/reg/2011/333/art_2/oj/generator
167/447 completed decider/eurlex/http://data.europa.eu/eli/reg_impl/2012/282/art_1/oj/generator
168/447 completed decider/eurlex/http://data.europa.eu/eli/reg/2014/912/art_8/oj/generator
169/447 completed decider/eurlex/http://data.europa.eu/eli/reg/2013/1290/art_57/oj/jev
170/447 completed decider/eurlex/http://data.europa.eu/eli/reg/2013/1381/art_5/oj/jev
171/447 completed decider/eurlex/http://data.europa.eu/eli/reg/2007/1386/art_55/oj/jev
172/447 completed decider/eurlex/http://data.europa.eu/eli/dir/2014/65/art_36/oj/generator
173/447 completed decider/eurlex/http://data.europa.eu/eli/reg_impl/2011/1333/art_11/oj/generator
174/447 completed decider/eurlex/http://data.europa.eu/eli/reg/2009/436/art_36/oj/jev
175/447 completed decider/eurlex/http://data.europa.eu/eli/dir/2006/112/art_111/oj/jev
176/447 completed decider/eurlex/http://data.europa.eu/eli/reg_del/2013/811/art_1/oj/generator
177/447 completed decider/eurlex/http://data.europa.eu/eli/reg/2009/1072/art_1/oj/generator
178/447 completed decider/eurlex/http://data.europa.eu/eli/reg_del/2013/231/art_43/oj/jev
179/447 completed decider/eurlex/http://data.europa.eu/eli/reg/2006/1083/art_47/oj/jev
180/447 completed decider/eurlex/http://data.europa.eu/eli/reg/2007/1386/art_55/oj/generator
181/447 completed decider/eurlex/http://data.europa.eu/eli/reg/2005/1572/art_4/oj/generator
182/447 completed decider/eurlex/http://data.europa.eu/eli/reg/2014/788/art_20/oj/generator
183/447 completed decider/eurlex/http://data.europa.eu/eli/reg_impl/2014/181/art_5/oj/jev
184/447 completed decider/eurlex/http://data.europa.eu/eli/reg/2009/1130/art_22/oj/jev
185/447 completed decider/eurlex/http://data.europa.eu/eli/reg/2009/436/art_36/oj/generator
186/447 completed decider/eurlex/http://data.europa.eu/eli/reg/2013/1290/art_57/oj/generator
187/447 completed decider/eurlex/http://data.europa.eu/eli/reg/2013/1381/art_5/oj/generator
188/447 completed decider/eurlex/http://data.europa.eu/eli/dir/2014/26/art_2/oj/jev
189/447 completed decider/eurlex/http://data.europa.eu/eli/dir/2006/112/art_111/oj/generator
190/447 completed decider/eurlex/http://data.europa.eu/eli/reg/2012/493/art_3/oj/jev
191/447 completed decider/eurlex/http://data.europa.eu/eli/reg/2014/1141/art_16/oj/jev
192/447 completed decider/eurlex/http://data.europa.eu/eli/reg_del/2013/231/art_43/oj/generator
193/447 completed decider/eurlex/http://data.europa.eu/eli/reg_impl/2014/181/art_5/oj/generator
194/447 completed decider/eurlex/http://data.europa.eu/eli/reg/2009/1130/art_22/oj/generator
195/447 completed decider/eurlex/http://data.europa.eu/eli/reg/2006/1083/art_47/oj/generator
196/447 completed decider/eurlex/http://data.europa.eu/eli/reg/2014/1141/art_16/oj/generator
197/447 completed decider/eurlex/http://data.europa.eu/eli/dir/2014/26/art_2/oj/generator
198/447 completed decider/eurlex/http://data.europa.eu/eli/reg/2012/493/art_3/oj/generator
199/447 completed mode/un/2011/a/res/65/212#13/semantic
200/447 completed mode/un/2006/a/res/61/183#3/semantic
201/447 completed mode/un/2011/a/res/65/212#13/practitioner
202/447 completed mode/un/2013/a/res/67/199#12/lookup
203/447 completed mode/un/2006/a/res/61/183#3/practitioner
204/447 completed mode/un/2013/a/res/67/199#12/semantic
205/447 completed mode/un/2006/a/res/61/183#3/lookup
206/447 completed mode/un/2013/a/res/68/143#7/semantic
207/447 completed mode/un/2011/a/res/65/263#2/lookup
208/447 completed mode/un/2011/a/res/65/263#2/semantic
209/447 completed mode/un/2013/a/res/68/143#7/lookup
210/447 completed mode/un/2014/a/res/68/254#2/lookup
211/447 failed mode/un/2011/a/res/65/263#2/practitioner
212/447 completed mode/un/2013/a/res/68/143#7/practitioner
213/447 completed mode/un/2014/a/res/68/254#2/practitioner
214/447 completed mode/un/2013/a/res/67/199#12/practitioner
215/447 completed mode/un/2001/a/res/55/114#5/semantic
216/447 completed mode/un/2001/a/res/55/114#5/lookup
217/447 completed mode/un/2007/a/res/62/137#12/practitioner
218/447 completed mode/un/2014/a/res/68/254#2/semantic
219/447 completed mode/un/2005/a/res/60/226#3/lookup
220/447 completed mode/un/2007/a/res/62/137#12/lookup
221/447 completed mode/un/2007/a/res/62/137#12/semantic
222/447 completed mode/un/2001/a/res/55/114#5/practitioner
223/447 completed mode/un/2013/a/res/68/18#1/practitioner
224/447 completed mode/un/2005/a/res/60/226#3/semantic
225/447 completed mode/un/2001/s/res/1376_2001_#2/semantic
226/447 completed mode/un/2013/a/res/68/18#1/semantic
227/447 completed mode/un/2001/s/res/1376_2001_#2/practitioner
228/447 completed mode/un/2008/s/res/1806_2008_#8/semantic
229/447 failed mode/un/2005/a/res/60/226#3/practitioner
230/447 completed mode/un/2003/s/res/1466_2003_#3/lookup
231/447 completed mode/un/2008/s/res/1806_2008_#8/lookup
232/447 failed mode/un/2001/s/res/1376_2001_#2/lookup
233/447 completed mode/un/2003/s/res/1466_2003_#3/semantic
234/447 completed mode/un/2008/s/res/1845_2008_#3/lookup
235/447 failed mode/un/2008/s/res/1806_2008_#8/practitioner
236/447 failed mode/un/2013/a/res/68/18#1/lookup
237/447 completed mode/un/2008/s/res/1845_2008_#3/semantic
238/447 completed mode/un/2008/s/res/1845_2008_#3/practitioner
239/447 completed mode/un/2004/s/res/1565_2004_#11/semantic
240/447 completed mode/un/2004/s/res/1565_2004_#11/practitioner
241/447 completed mode/un/2002/a/res/56/188#8/semantic
242/447 completed mode/un/2003/s/res/1466_2003_#3/practitioner
243/447 completed mode/un/2005/a/res/60/47#0/lookup
244/447 completed mode/un/2005/a/res/60/47#0/practitioner
245/447 completed mode/un/2005/a/res/60/47#0/semantic
246/447 completed mode/un/2002/a/res/56/188#8/lookup
247/447 completed mode/un/2011/s/res/1988_2011_#19/lookup
248/447 completed mode/un/2004/s/res/1565_2004_#11/lookup
249/447 completed mode/un/2004/a/res/59/61#0/semantic
250/447 completed mode/un/2011/s/res/1988_2011_#19/semantic
251/447 completed mode/un/2004/a/res/59/61#0/lookup
252/447 completed mode/un/2004/a/res/59/61#0/practitioner
253/447 completed mode/un/2011/s/res/1988_2011_#19/practitioner
254/447 completed mode/un/2002/a/res/56/188#8/practitioner
255/447 completed mode/un/2013/a/res/67/145#7/semantic
256/447 completed mode/un/2003/a/res/58/298#4/semantic
257/447 completed mode/un/2003/a/res/58/298#4/lookup
258/447 completed mode/un/2003/a/res/57/300#10/semantic
259/447 completed mode/un/2013/a/res/67/222#6/semantic
260/447 failed mode/un/2003/a/res/58/298#4/practitioner
261/447 completed mode/un/2013/a/res/67/222#6/lookup
262/447 completed mode/un/2013/a/res/67/145#7/lookup
263/447 completed mode/un/2003/a/res/57/300#10/lookup
264/447 completed mode/un/2003/a/res/57/300#10/practitioner
265/447 completed mode/un/2013/a/res/67/222#6/practitioner
266/447 completed mode/un/2013/a/res/67/145#7/practitioner
267/447 completed mode/un/2003/a/res/57/137#1/lookup
268/447 completed mode/un/2003/a/res/57/137#1/semantic
269/447 completed mode/un/2014/s/res/2140__2014_#13/practitioner
270/447 completed mode/un/2014/s/res/2140__2014_#13/lookup
271/447 completed mode/un/2014/s/res/2140__2014_#13/semantic
272/447 completed mode/un/2004/a/c_2/58/sr_24#18/practitioner
273/447 completed mode/un/2004/a/c_2/58/sr_24#18/semantic
274/447 completed mode/un/2003/a/res/57/137#1/practitioner
275/447 completed mode/un/2008/cd/pv_1097#14/lookup
276/447 completed mode/un/2008/cd/pv_1097#14/semantic
277/447 completed mode/un/2004/a/c_2/58/sr_24#18/lookup
278/447 completed mode/un/2008/cd/pv_1097#14/practitioner
279/447 completed mode/un/2006/a/c_5/60/sr_64#14/semantic
280/447 completed mode/un/2008/a/ac_109/2008/sr_2#1/semantic
281/447 completed mode/un/2001/cedaw/c/sr_451#4/semantic
282/447 completed mode/un/2001/cedaw/c/sr_451#4/practitioner
283/447 completed mode/un/2008/a/ac_109/2008/sr_2#1/practitioner
284/447 completed mode/un/2008/a/ac_109/2008/sr_2#1/lookup
285/447 completed mode/un/2006/a/c_5/60/sr_64#14/lookup
286/447 completed mode/un/2010/ccpr/c/sr_2695#25/lookup
287/447 completed mode/un/2010/ccpr/c/sr_2695#25/practitioner
288/447 completed mode/un/2006/a/c_5/60/sr_64#14/practitioner
289/447 completed mode/un/2010/ccpr/c/sr_2695#25/semantic
290/447 completed mode/un/2007/gc_12/c_1/sr_1#10/practitioner
291/447 completed mode/un/2005/cd/pv_983#13/practitioner
292/447 completed mode/un/2007/gc_12/c_1/sr_1#10/lookup
293/447 completed mode/un/2006/cedaw/c/sr_724#18/practitioner
294/447 completed mode/un/2005/cd/pv_983#13/semantic
295/447 completed mode/un/2007/gc_12/c_1/sr_1#10/semantic
296/447 completed mode/un/2006/cedaw/c/sr_724#18/lookup
297/447 completed mode/un/2001/cedaw/c/sr_451#4/lookup
298/447 completed mode/un/2006/cedaw/c/sr_724#18/semantic
299/447 completed mode/un/1998/gc_7/c_1/sr_5#16/practitioner
300/447 completed mode/un/2006/ccw/conf_iii/sr_2#8/semantic
301/447 completed mode/un/1998/gc_7/c_1/sr_5#16/lookup
302/447 completed mode/un/2006/ccw/conf_iii/sr_2#8/lookup
303/447 completed mode/un/1998/gc_7/c_1/sr_5#16/semantic
304/447 completed mode/un/2005/cd/pv_983#13/lookup
305/447 completed mode/un/2001/cd/pv_880#1/semantic
306/447 completed mode/un/2001/cd/pv_880#1/practitioner
307/447 completed mode/un/2010/a/cn_9/sr_917#10/lookup
308/447 completed mode/un/2010/a/cn_9/sr_917#10/practitioner
309/447 failed mode/un/2006/ccw/conf_iii/sr_2#8/practitioner
310/447 completed mode/un/2010/a/cn_9/sr_917#10/semantic
311/447 completed mode/un/2007/cedaw/c/sr_770_b_#18/semantic
312/447 completed mode/un/2007/cedaw/c/sr_770_b_#18/lookup
313/447 failed mode/un/2001/cd/pv_880#1/lookup
314/447 completed mode/un/2003/a/58/pv_1#15/semantic
315/447 completed mode/un/2007/cedaw/c/sr_770_b_#18/practitioner
316/447 completed mode/un/2003/a/58/pv_1#15/practitioner
317/447 completed mode/un/2007/cedaw/c/sr_778#5/semantic
318/447 completed mode/un/2007/cedaw/c/sr_778#5/practitioner
319/447 completed mode/un/2002/a/c_4/57/sr_18#15/practitioner
320/447 completed mode/un/2003/a/58/pv_1#15/lookup
321/447 completed mode/un/2007/cedaw/c/sr_778#5/lookup
322/447 completed mode/un/2002/a/c_4/57/sr_18#15/semantic
323/447 completed mode/un/2000/cd/pv_841#11/practitioner
324/447 completed mode/un/1999/cedaw/c/sr_434#16/semantic
325/447 completed mode/un/1999/cedaw/c/sr_434#16/practitioner
326/447 completed mode/un/2009/a/ac_109/2009/sr_7#4/practitioner
327/447 completed mode/un/2002/a/c_4/57/sr_18#15/lookup
328/447 failed mode/un/2009/a/ac_109/2009/sr_7#4/lookup
329/447 completed mode/un/2008/s/2008/774#11/practitioner
330/447 completed mode/un/2008/s/2008/774#11/semantic
331/447 completed mode/un/2000/cd/pv_841#11/semantic
332/447 completed mode/un/2009/a/ac_109/2009/sr_7#4/semantic
333/447 completed mode/un/1999/cedaw/c/sr_434#16/lookup
334/447 failed mode/un/2000/cd/pv_841#11/lookup
335/447 completed mode/un/2012/s/2012/718#7/practitioner
336/447 completed mode/un/2008/s/2008/774#11/lookup
337/447 completed mode/un/1998/s/1998/458#1/semantic
338/447 completed mode/un/1998/s/1998/458#1/lookup
339/447 no_candidates mode/eurlex/http://data.europa.eu/eli/dir/2010/42/art_2/oj/fact_pattern
340/447 completed mode/un/1998/s/1998/458#1/practitioner
341/447 no_candidates mode/eurlex/http://data.europa.eu/eli/dir/2010/42/art_2/oj/lookup
342/447 completed mode/un/2012/s/2012/718#7/semantic
343/447 completed mode/un/2012/s/2012/718#7/lookup
344/447 completed mode/un/2004/s/2004/505#15/practitioner
345/447 no_candidates mode/eurlex/http://data.europa.eu/eli/dir/2011/81/art_2/oj/fact_pattern
346/447 completed mode/un/2004/s/2004/505#15/semantic
347/447 no_candidates mode/eurlex/http://data.europa.eu/eli/dir/2006/28/art_3/oj/fact_pattern
348/447 no_candidates mode/eurlex/http://data.europa.eu/eli/dir/2006/28/art_3/oj/lookup
349/447 completed mode/un/2004/s/2004/674#6/semantic
350/447 completed mode/un/2004/s/2004/674#6/lookup
351/447 completed mode/eurlex/http://data.europa.eu/eli/reg/2014/910/art_41/oj/fact_pattern
352/447 no_candidates mode/eurlex/http://data.europa.eu/eli/reg/2011/1173/art_13/oj/fact_pattern
353/447 no_candidates mode/eurlex/http://data.europa.eu/eli/reg/2011/1173/art_13/oj/lookup
354/447 completed mode/eurlex/http://data.europa.eu/eli/dir/2011/81/art_2/oj/lookup
355/447 completed mode/eurlex/http://data.europa.eu/eli/reg/2011/1043/art_1/oj/fact_pattern
356/447 completed mode/eurlex/http://data.europa.eu/eli/reg/2014/910/art_41/oj/lookup
357/447 no_candidates mode/eurlex/http://data.europa.eu/eli/dir/2006/60/art_2/oj/fact_pattern
358/447 failed mode/un/2004/s/2004/505#15/lookup
359/447 no_candidates mode/eurlex/http://data.europa.eu/eli/dir/2006/60/art_2/oj/lookup
360/447 completed mode/eurlex/http://data.europa.eu/eli/reg/2011/1043/art_1/oj/lookup
361/447 completed mode/eurlex/http://data.europa.eu/eli/reg/2011/1077/art_14/oj/lookup
362/447 completed mode/eurlex/http://data.europa.eu/eli/reg/2011/1077/art_14/oj/fact_pattern
363/447 completed mode/eurlex/http://data.europa.eu/eli/reg/2005/1651/art_4/oj/lookup
364/447 completed mode/eurlex/http://data.europa.eu/eli/reg/2005/1651/art_4/oj/fact_pattern
365/447 no_candidates mode/eurlex/http://data.europa.eu/eli/dir/2005/86/art_2/oj/fact_pattern
366/447 no_candidates mode/eurlex/http://data.europa.eu/eli/dir/2005/86/art_2/oj/lookup
367/447 completed mode/eurlex/http://data.europa.eu/eli/reg/2010/1031/art_48/oj/fact_pattern
368/447 completed mode/eurlex/http://data.europa.eu/eli/reg/2010/1031/art_48/oj/lookup
369/447 no_candidates mode/eurlex/http://data.europa.eu/eli/dir/2007/68/art_2/oj/fact_pattern
370/447 no_candidates mode/eurlex/http://data.europa.eu/eli/dir/2007/68/art_2/oj/lookup
371/447 completed mode/eurlex/http://data.europa.eu/eli/reg/2014/312/art_16/oj/fact_pattern
372/447 no_candidates mode/eurlex/http://data.europa.eu/eli/dir_impl/2011/54/art_3/oj/fact_pattern
373/447 no_candidates mode/eurlex/http://data.europa.eu/eli/dir_impl/2011/54/art_3/oj/lookup
374/447 no_candidates mode/eurlex/http://data.europa.eu/eli/dir/2004/66/art_2/oj/fact_pattern
375/447 no_candidates mode/eurlex/http://data.europa.eu/eli/dir/2004/66/art_2/oj/lookup
376/447 completed mode/un/2004/s/2004/674#6/practitioner
377/447 completed mode/eurlex/http://data.europa.eu/eli/reg/2011/492/art_17/oj/lookup
378/447 completed mode/eurlex/http://data.europa.eu/eli/reg/2014/165/art_23/oj/lookup
379/447 completed mode/eurlex/http://data.europa.eu/eli/reg/2014/312/art_16/oj/lookup
380/447 no_candidates mode/eurlex/http://data.europa.eu/eli/dir/2015/566/art_9/oj/fact_pattern
381/447 no_candidates mode/eurlex/http://data.europa.eu/eli/dir/2015/566/art_9/oj/lookup
382/447 completed mode/eurlex/http://data.europa.eu/eli/reg/2014/165/art_23/oj/fact_pattern
383/447 failed mode/eurlex/http://data.europa.eu/eli/reg/2011/492/art_17/oj/fact_pattern
384/447 completed mode/eurlex/http://data.europa.eu/eli/reg/2012/966/art_56/oj/lookup
385/447 completed mode/eurlex/http://data.europa.eu/eli/reg/2012/966/art_56/oj/fact_pattern
386/447 completed mode/eurlex/http://data.europa.eu/eli/reg/2008/1165/art_16/oj/lookup
387/447 completed mode/eurlex/http://data.europa.eu/eli/reg_impl/2011/1008/art_1/oj/lookup
388/447 completed mode/eurlex/http://data.europa.eu/eli/reg/2009/193/art_1/oj/lookup
389/447 completed mode/eurlex/http://data.europa.eu/eli/reg/2014/912/art_8/oj/fact_pattern
390/447 completed mode/eurlex/http://data.europa.eu/eli/reg_impl/2011/452/art_1/oj/fact_pattern
391/447 completed mode/eurlex/http://data.europa.eu/eli/reg/2009/193/art_1/oj/fact_pattern
392/447 completed mode/eurlex/http://data.europa.eu/eli/reg/2008/1165/art_16/oj/fact_pattern
393/447 completed mode/eurlex/http://data.europa.eu/eli/reg_impl/2011/452/art_1/oj/lookup
394/447 completed mode/eurlex/http://data.europa.eu/eli/reg/2014/912/art_8/oj/lookup
395/447 completed mode/eurlex/http://data.europa.eu/eli/reg_impl/2011/1008/art_1/oj/fact_pattern
396/447 completed mode/eurlex/http://data.europa.eu/eli/dir/2014/50/art_5/oj/fact_pattern
397/447 completed mode/eurlex/http://data.europa.eu/eli/dir/2014/50/art_5/oj/lookup
398/447 completed mode/eurlex/http://data.europa.eu/eli/reg_impl/2011/1333/art_11/oj/lookup
399/447 completed mode/eurlex/http://data.europa.eu/eli/dir/2014/59/art_77/oj/lookup
400/447 completed mode/eurlex/http://data.europa.eu/eli/reg_impl/2011/1333/art_11/oj/fact_pattern
401/447 completed mode/eurlex/http://data.europa.eu/eli/reg_impl/2012/1081/art_10/oj/fact_pattern
402/447 no_candidates mode/eurlex/http://data.europa.eu/eli/dir/2005/9/art_2/oj/fact_pattern
403/447 no_candidates mode/eurlex/http://data.europa.eu/eli/dir/2005/9/art_2/oj/lookup
404/447 completed mode/eurlex/http://data.europa.eu/eli/dir/2014/59/art_77/oj/fact_pattern
405/447 completed mode/eurlex/http://data.europa.eu/eli/reg_impl/2012/1081/art_10/oj/lookup
406/447 completed mode/eurlex/http://data.europa.eu/eli/reg/2006/1906/art_50/oj/lookup
407/447 completed mode/eurlex/http://data.europa.eu/eli/reg_impl/2012/282/art_1/oj/fact_pattern
408/447 completed mode/eurlex/http://data.europa.eu/eli/reg/2007/520/art_24/oj/lookup
409/447 failed mode/eurlex/http://data.europa.eu/eli/reg_impl/2012/282/art_1/oj/lookup
410/447 completed mode/eurlex/http://data.europa.eu/eli/reg/2014/788/art_20/oj/lookup
411/447 completed mode/eurlex/http://data.europa.eu/eli/reg/2006/1906/art_50/oj/fact_pattern
412/447 completed mode/eurlex/http://data.europa.eu/eli/reg/2007/520/art_24/oj/fact_pattern
413/447 completed mode/eurlex/http://data.europa.eu/eli/reg/2014/788/art_20/oj/fact_pattern
414/447 completed mode/eurlex/http://data.europa.eu/eli/reg/2011/333/art_2/oj/fact_pattern
415/447 completed mode/eurlex/http://data.europa.eu/eli/reg/2011/333/art_2/oj/lookup
416/447 completed mode/eurlex/http://data.europa.eu/eli/dir/2014/65/art_36/oj/lookup
417/447 completed mode/eurlex/http://data.europa.eu/eli/reg_del/2013/811/art_1/oj/fact_pattern
418/447 completed mode/eurlex/http://data.europa.eu/eli/reg/2009/1072/art_1/oj/fact_pattern
419/447 completed mode/eurlex/http://data.europa.eu/eli/reg/2005/1572/art_4/oj/lookup
420/447 completed mode/eurlex/http://data.europa.eu/eli/dir/2014/65/art_36/oj/fact_pattern
421/447 completed mode/eurlex/http://data.europa.eu/eli/reg/2009/1072/art_1/oj/lookup
422/447 completed mode/eurlex/http://data.europa.eu/eli/reg/2013/1290/art_57/oj/fact_pattern
423/447 completed mode/eurlex/http://data.europa.eu/eli/reg/2013/1381/art_5/oj/lookup
424/447 completed mode/eurlex/http://data.europa.eu/eli/reg_del/2013/811/art_1/oj/lookup
425/447 completed mode/eurlex/http://data.europa.eu/eli/reg/2007/1386/art_55/oj/fact_pattern
426/447 completed mode/eurlex/http://data.europa.eu/eli/reg/2013/1290/art_57/oj/lookup
427/447 completed mode/eurlex/http://data.europa.eu/eli/reg/2005/1572/art_4/oj/fact_pattern
428/447 completed mode/eurlex/http://data.europa.eu/eli/reg/2013/1381/art_5/oj/fact_pattern
429/447 completed mode/eurlex/http://data.europa.eu/eli/reg/2007/1386/art_55/oj/lookup
430/447 completed mode/eurlex/http://data.europa.eu/eli/reg/2009/436/art_36/oj/fact_pattern
431/447 completed mode/eurlex/http://data.europa.eu/eli/reg/2009/436/art_36/oj/lookup
432/447 completed mode/eurlex/http://data.europa.eu/eli/dir/2006/112/art_111/oj/fact_pattern
433/447 completed mode/eurlex/http://data.europa.eu/eli/reg_del/2013/231/art_43/oj/fact_pattern
434/447 completed mode/eurlex/http://data.europa.eu/eli/dir/2006/112/art_111/oj/lookup
435/447 completed mode/eurlex/http://data.europa.eu/eli/reg_impl/2014/181/art_5/oj/lookup
436/447 completed mode/eurlex/http://data.europa.eu/eli/reg/2006/1083/art_47/oj/fact_pattern
437/447 completed mode/eurlex/http://data.europa.eu/eli/reg_impl/2014/181/art_5/oj/fact_pattern
438/447 completed mode/eurlex/http://data.europa.eu/eli/reg/2009/1130/art_22/oj/fact_pattern
439/447 completed mode/eurlex/http://data.europa.eu/eli/dir/2014/26/art_2/oj/fact_pattern
440/447 completed mode/eurlex/http://data.europa.eu/eli/reg_del/2013/231/art_43/oj/lookup
441/447 completed mode/eurlex/http://data.europa.eu/eli/dir/2014/26/art_2/oj/lookup
442/447 completed mode/eurlex/http://data.europa.eu/eli/reg/2009/1130/art_22/oj/lookup
443/447 completed mode/eurlex/http://data.europa.eu/eli/reg/2012/493/art_3/oj/fact_pattern
444/447 failed mode/eurlex/http://data.europa.eu/eli/reg/2006/1083/art_47/oj/lookup
445/447 completed mode/eurlex/http://data.europa.eu/eli/reg/2012/493/art_3/oj/lookup
446/447 completed mode/eurlex/http://data.europa.eu/eli/reg/2014/1141/art_16/oj/fact_pattern
447/447 completed mode/eurlex/http://data.europa.eu/eli/reg/2014/1141/art_16/oj/lookup
DONE 100 documents, 14 failed tasks -> reports/prompt_experiments/legal_20260930/simple/run
