COMMON 328 batches; 1778 candidate memberships; 0 cached
PREFLIGHT common/8c6e7c564f4309505efcd01adf23d8cef063ea6b2b15537763152410a972be9b completed
1/327 common/cf9be57bad9c5d2ddf1e08fa1531ef546dabd7cd2b0a364a539a78d68258672a completed
2/327 common/03d22a7b583a5a915ce24c357404ffa3eddb5ca0e7de817045d4d754f1b1375f completed
3/327 common/6866b1597f59d6ca2586f4d0a52672275d96a8d70ef4f47ede8f28214f274cdb completed
4/327 common/7a75470cce19236d3863e894e107794ca9428482451bd47c17cec3190009c5f8 completed
5/327 common/f370a232410a9261cf0580d2fafafdc48551cd7114e5e28483f974f5eb5eade0 completed
6/327 common/59890135f6d89c31c7baac02997529a54e40021670e7e17cd36f601e5dbfc155 completed
7/327 common/a7081d68d23bf7c8d4b8ff4fc711918085c0ce0ccf0f959253214974f7947ea9 completed
8/327 common/21ecf52e27fba68e0207f07a164553ee4fe915466f25e3866397269cc428d725 completed
9/327 common/3225ae026a6572448c8666815cdf58ec9c917280278daf647cf879e83e944437 completed
10/327 common/8a56ebd44872da92eb47a454c786ba3103a87d894a973e5cf0105d1b95efc647 completed
11/327 common/ce1f3c4291f18e5d00db75bb37c5a5ca130fd275e942e37457df31f191c28aad completed
12/327 common/853e2e5851fa811e42042b24c1d21c8a9792eb49ebdc6445baf4b480dfe62212 completed
13/327 common/5b845f13c19fc6a682599733962bd3beec093ff6a26d985203890cb6aefe03da completed
14/327 common/a4b3f0cf40e184a82278a714f4186a6d6ee4feae5e9fb35b10c8da103a5e3689 completed
15/327 common/4c0b69295562c75b8be30f499f66bc5319d586ace7f786e406339f2b74c33a52 completed
16/327 common/5a04a257303809550e40211d50e19dd16bf8f8cb83e8452524d70b1b556726a1 completed
17/327 common/82282d41e47919f1d97d41caf8aba19066d4be6c507bfb1e1336b4ada889029e completed
18/327 common/d2ebe03f7d88c49759bc728a6ad1fefc3b2868000cc8c8d62e15cd2cbbe33a19 completed
19/327 common/74911820aaad5972aece12772fb3a95c45f1f3d1695565b57a322345e4c7c2fb completed
20/327 common/46d93ee95a4576214493048d62d34a13b954bf502eabf7a01eab6e2eb18dd808 completed
21/327 common/fccd2172d9b9c5e06ca2f977128d51e3b05013291b6b0ce78bfbf96e20554866 completed
22/327 common/224ada60be321777d73202bb41c23944ba7919e11d76ef67ea3a615d33e2f962 completed
23/327 common/f7f80508f0659a88b8595cb5110a1672041ce81022b8c1d8f5cf6b7cd9d30617 completed
24/327 common/53d1c77963bfb1a59c32576e88e1690a02af2ab06cbe0f3f4d00a99f9a29c599 completed
25/327 common/33242df11ed6e1495fcae81c05ac48989cfa97a218285869bf646fdf12240a73 completed
26/327 common/4995e7b9ebfa71b72699ee6d2f776386953c660ae2581bca47f6f74cd0fc08b9 completed
27/327 common/a00b9809e06a570f0f68e7131c10f48de248781b07588f5f84d4ba9a9b03b408 completed
28/327 common/3292ab9f5ff32cc3fd7361a03cd293686aa94fa8f2c83c98b781f6d8b82c8044 completed
29/327 common/543eefe7b50485ae3c8b7d495d7eff54a6044ba6904ff809eaec190475214e67 completed
30/327 common/f13908582b80c4427899b943323188dc248ff8f1af10a776b5e4b60c1613ca61 completed
31/327 common/14375285fb3d45d6ca46708cc56799046f8c08f34df9e16cb07d1524753f2ea0 completed
32/327 common/7312b3eca4d964e341ed9315bd77ff661423149a6c7a6631f96cb4a237162764 completed
33/327 common/d0e0383ae001ce7241a55c6eda6fa1bb31ea85f6961430690c7aef04d0636edb completed
34/327 common/bc34aa01df3075c1ab3cda65a22c6731e1f90c3010b1024e005807d40b8bec8d completed
35/327 common/ec40ccc3e41e94df10e6853e40d8bbe6b251425bac25446053a06806fd37389a completed
36/327 common/94825b1a80dbb40cd2f8d574b92919934ce4aa0eaabc4a177893b51982683454 completed
37/327 common/491ba16b38207f8f926247419c08558471d3f69228ccff345a9cdc45d875ad19 completed
38/327 common/61e950a7bf6bffdfba29cd91376715726037942fd375571642d9e790985de435 completed
39/327 common/d4cfb0fd39de7a6eb0516c8f7cf6833d1b0f4b91400ccd79857ef8b15d9ce66f completed
40/327 common/431987ac409304fdff26961a4c4ea4764c2f0d4cedaff8afd99db212d6478e1a completed
41/327 common/5560d96a874cf67457ee0903f2bf590f724662d357402bf91c07acf2b783dc71 completed
42/327 common/67e48927038c006e9d203166f95c9ae0d9521de31fcb0f99e109ae6da599b2d6 completed
43/327 common/fd3f4e2203b887ffa9f636a939ede26d9be7049ce3fc757f3c596d600c4c9362 failed
44/327 common/8a728adbc200aaf4667e84f1a347827692d2bc351979a89799d874f606d8c358 completed
45/327 common/e729e17bc6d796f8e90902ff672872cff9536eaf26509b40025f19aa4da3e77d completed
46/327 common/5674c9ba447d029c49dbf7b201fead7e59c15f3d5acbc18ec8bb987741f0167e failed
47/327 common/4d3579e2715069e4c3e7e6a23d89725fc263cbbef7f9f44c07fe71d539862dda completed
48/327 common/613671d727fd7126d00cc52dc7121085985b5f536b176b275a8c526179e54d2c completed
49/327 common/c6fbe8767934719c1d9ae645cb5591f597de878bcf1f9e7413c90536ae3663e1 completed
50/327 common/f55b4c7a5c574f235816b27782baa93cff4b6cbc8d13cb833877479aab2e5eff completed
51/327 common/ebae812bd5041fe328f116355d04dce8fe1a3497f68858638ff4c1f8de1d2206 failed
52/327 common/ec9313e3b83c5e453145d9d07c841af1ecac35afc05b2c8ab01c75813b7a9fb5 failed
53/327 common/9373092ea40b37ccd12dc33d4e1b8a8e04215bc57b6eecea516ea625bce8ee3c failed
54/327 common/fbff3ab172a2c5de6e6de4cf4fa053b7b0a4d8d6517db7045a5f878a8458ccd1 failed
55/327 common/f98b5e62384b2d39f85acb99eef0be8c308ad95e0d2f31fe7a91de506aaf4906 failed
56/327 common/2a4956c4225fd24bb1a0b9e93d2a04a6f0ac774d8f451a86b88dba4968b2d641 failed
57/327 common/95983a7cbbcb16b1e93570c9c63094d0475ce0828e4c89cdc65def87c1fce644 failed
58/327 common/5274660d5d3e8673021089b9a65fb44b7a587d72f4242f39107ed0e748804712 completed
59/327 common/642b52e13458cf45b23026bc5d731cab86042ca41490e9ef973974931f346493 completed
60/327 common/3c113072d625b8cb7179ba37c3f42f7246ad170aa4ccc1632a314459770d774b completed
61/327 common/f61e6645d81bb7263753ede4d56290c926f6893b9fb21cd5528d6ccc9e4e1f79 failed
62/327 common/89e146c48473d08567aefcbda21d80a941132a5e1b3498230880929141ccef62 completed
63/327 common/8fdd9c0361afd399f312add424d4a198da10d12e8337034548fc7b521a0fa9e9 failed
64/327 common/2fca1494ed3b9460488e0a033954f7263e7a8b1ea5fa89ef6e60dd82e2e52bf1 failed
65/327 common/675fb4a8a9705273677d8064d979a22ba9bcdc49a443f2e07a41d3138601cf0d completed
66/327 common/1203e3f24607647a08970ce4bc3aed314ed15370d6ce60938f09624117befa37 completed
67/327 common/ae73474715652a6b6bea896076a5d1c8c6e9d1d34ddf396565d0f6caf74a970f completed
68/327 common/8e61230bc69cdf2930fb2663ad5495498ba04b3deb4a77425f42bffc0e803e58 failed
69/327 common/7c5751be49bf9787d7162ca98825c8d467f9381b1d10aabb074d23525371957b failed
70/327 common/66375f0c3aad38a95c061446ee72b520491cf4f1717d9e3115f9c1e40a479ec1 failed
71/327 common/96b24af7824de6df0d8f85b84bc2f2d7bc408697127a4c5728e077bffcf55788 failed
72/327 common/0d7621e07cdfe6bbdba5fae1899515f85e39bdcf06b1fe25b0c886352f8d1087 failed
73/327 common/eb075cec2d46ac70ac2e281886270ccc1f1316da6e7b22440d8cd0a8cc3988ec failed
74/327 common/8faadbbc0ee5465026558eebd4141bda0d8c617e37e82f60d0b763fee899e879 failed
75/327 common/5ec7a0e963d31fbfdb3a78260ed3dfec82327ceef588ff9269986a2123314704 failed
76/327 common/358692267e4294138092595c627d447414728ec40e4965bfcfe71a7783fa46e4 failed
77/327 common/1fad5924817830605cbc98ad5cccf144c938e6d839f6ddbb6d82141162b2f570 failed
78/327 common/c4611d49140d95503689be08d0b7e79e61f71b8b1e35148b7866b43f12fefff1 completed
79/327 common/01fd5bca499c8fa961b9bc78bcf04dc81be3398159d5c371e01e3c2697825477 completed
80/327 common/e2369e998f7eafb1b9b20953e3269a6faf741855a94352c8fc614329c3bcf2c3 completed
81/327 common/0e3459ac889ea937f599fff149085c7c38c781f489b2426f323d404aa2068195 failed
82/327 common/936f80b2e107c0bc1598596241a920629fabdc182bc7f26fe97b7ad0da326595 completed
83/327 common/799aaa137b38ac740c198ed9ef01d00ebdc70a552dfb0dd23eccf850c5c1d1cd completed
84/327 common/39c563f8fcdb57ba45b959d4a58528648d777df8ae2af802b2cf9a60afe82176 failed
85/327 common/5cd1f6bae107cf674d68cef31cb9e7e7ef1cf98916a4e7c09f026d90d5ecfbc5 failed
86/327 common/4b73a7c1cc7948d98523a4e9db0267018b56d92758a3135b4ccaa8c60a9843a3 completed
87/327 common/67664584063ef291658255d8c2be03071755f87fbcbffedba03a626370cdbd35 failed
88/327 common/bc692445931253601a0ba4c7bdfd93233fd1b428b91cce6d63c47097a7043e04 completed
89/327 common/49b30d97e21a09fe7696f1d29503cb403e2c5a7275405b244053a62b05e01d64 failed
90/327 common/e84acf8d251827e3b2830844c187a01a367b4840b2161097ddacf0e14bcd4782 failed
91/327 common/590028f16d604e24ae30be90334fb8bfd6d969e59bd22cb17699d86f5529147b failed
92/327 common/e255504f70f48c91cb802d4a01bf4a7b4e79ebc358ff323831948261571ac4c7 failed
93/327 common/80d9110ddb005d1b3ebc6b526ff01d06b490649267d048c38957fbf7e00792f9 failed
94/327 common/d1fdcee863a473702f479a76ce0d3af1c87f357af23840f5886672b4c18a631c failed
95/327 common/b1dc72000234f9fcdfffeb23135d85ff19ef4a6df44e1fb76934085489b52bde failed
96/327 common/6f346a1508edbb0c6fb0d2129f0ae74b7ae4cfceaccd0f3e8074bb2211614580 completed
97/327 common/eec80ac597b903bf7b2aa06e312e2112c98dfcfb32ba51ef084b754403918bce completed
98/327 common/90faa2f94d4ccd31d3086d941e15db5b0254ac703e3314682b52b13c7b8257a9 failed
99/327 common/358ae8737bb2177fc7f6fcc3e8ec800d668e289ff3a2540c55867370a32f422c failed
100/327 common/548fb6f68c37ac1ffe1e534b55491991b820f6eaead74b0ee5095fdde1346d18 failed
101/327 common/6b3ed48688a5f7c09bff22ce6deb28be054d3f325e851fc931c09cfcd254733f failed
102/327 common/1061f1f237f37318abbf8535ad92d548d2edcd5d5155887ca3076254e22fc6af failed
103/327 common/43a2d54137678d835eba9d6e2a8423ebeefe74a6b4869fa65889069302cb254a completed
104/327 common/a42905815fd37be3953ab262cf5143f14413d3533f203f9834c73d6fd762b1ad completed
105/327 common/683710b144000ecb1183041517cb927b260306d30f4921132807696b210c1a5d failed
106/327 common/31a92c437c20cb4278081fdb6ac4a04ea467a82186e6e63e885393b755599067 failed
107/327 common/524dddc03b77a2275dec82c52b34c5dc3a6f4ca1048b2e77dde134796a3373ce failed
108/327 common/195c1d6530c2db8720f2abf6faa47e3c82e3e3681a7d620b3116effe1cf149c4 completed
109/327 common/3b2321c3fa07744f7f7053d4b6d79bb08edfc83870c465566cc7f191642e10a4 completed
110/327 common/f6cf8e095148e6fe94e5c80ba2849b30eb3efb7df1a87ef6e78486c23ee7bbb6 failed
111/327 common/13e103dac6b17bb643f19694a4c3967cfc0f1284af15febcacadf114b3f549d3 failed
112/327 common/226461bf6f24d24f81c70b599a220b225f1dd822ad998bcb3ac5702c54cbb3aa failed
113/327 common/b5c1b0fb1bf4ae8ab57c4fa7b062b7ab549e398cd4eb4daff278e24be5fe5acf failed
114/327 common/7ff4e6cad7d2a057a0b51259f0d69531f09b71fd1b5163c74cc8df16e13ed919 failed
115/327 common/a57fe17b4ed043df6028df919d469531cff23a3cc0568e001dfcd5a3bedab4ed failed
116/327 common/a273d89a5265c2c1484758410474d9c1082481f9c8971ed26503b226c2ba3f58 failed
117/327 common/24b19bff13ffcf5f6eee834bb6985a64bcf5b1d790ccbb19365ba99e01f7f99a failed
118/327 common/d2dc058138e50d0b11b6f67f2e013992bb87e7d2962e30275a5537f1a9dd8365 failed
119/327 common/23e49efed5ee321febbcfa8150a83f60db115809de048a0c391d03b3692dd171 failed
120/327 common/7257c6577f3f720e31fa0c9eca19666b0e0637a9cccd3983d81bd19a72b9846f completed
121/327 common/1ae53b7c2312c7f0c96f66b1bdaf3205f008f5d335c2f43efd7f413a1d5ac17d failed
122/327 common/b89a2fab5dcb0904df05e7832a9b93da2e87a0f1b708d57ae01675ff5c6c290e failed
123/327 common/571ac843d2e34e1e60412e05c13fbd711edc020a23cbb86b76cf508d0f4c2d2f failed
124/327 common/c1ff334c2ac816c743d26f76a729db3ece666993e5a06d592ff106401bcf96cb failed
125/327 common/cc2c93670737ea8025d4851509f222d1970a185402ab2e93444231a44a44131b failed
126/327 common/fa23b0dd31a33331a87a1006406b1335d941a1a4dd6ced321f3261e6fab442d3 failed
127/327 common/fec7562eea7690eef548252d305ac4ad8d80415e3c1595a57b2b159d39974c71 failed
128/327 common/e232bb8ca94c568795a9de05ba13b6a50205c05f83baf673ee2c80c91d428017 failed
129/327 common/bae14667f9297fdec82219ac817d6a21ce2a5bbfa4d7ee477292540a2ff1c2cd completed
130/327 common/13f2ae799939a4a55eb37388048e84bd474c27670e4b87c7add26fd07482c4d3 completed
131/327 common/9348846f69c7128eaec4d7ab21cdb6ce46fb2f5553fb836af9d0cff90dd2707e failed
132/327 common/003ccc3a72488d18015c1b7f5fa19b6e67d0a3160181b67d4b651e1c4ea2a0c0 failed
133/327 common/6df8409ec1b80d8b0ac36b48dffb3a1f10920310d86559eeab3e163be6b58d3f failed
134/327 common/3bc06f34cd90f8be21640a37585c07446820a9a143229375dadb6ec98c884d23 failed
135/327 common/4a16686eabd651f7627d0bced1159c9c9cc52b6f2a1b20e97173fe6dc1fd7286 failed
136/327 common/030312c3296292aa198d0f2751511aa630b76c4433bdc25d05fcb3ebfad04e12 failed
137/327 common/beb856111089f5c4fbac100835ac779fac361843e9e8f5eed4f272ff9cb20472 failed
138/327 common/015236f0e943129560b731346aa341a7091ed2cee7a2dcd09fd6a62a0ec498e1 failed
139/327 common/1d902f8dea1160a58a9f6ae523fffc079143c0865b192b86beb0d6d3424d9570 failed
140/327 common/b1ca0bffa6e0de0af24a98a0cdead2f16fa1e9cb0fdf8ce5d7dfbd79b9bbf7e4 failed
141/327 common/234af5e1aec96d53c91ebcc3c17d4a2a54a5eac22228bccfd9697dda37078ce7 failed
142/327 common/7ebd7f2a101a92918b052be1d1e9ab430788e60de84f5d00f0c11de5c62abec0 failed
143/327 common/aaf9a22cca489c4e4acee5593ab494d57bd7cec720d981299dcd8454f97f5ab5 failed
144/327 common/729deb2a9bc0b7ad283bcd4a9e39b66c4252e3203d16dac5b50bc7eb58c7dc0e failed
145/327 common/8c78b1037b75393b5851ca0e4ea83dde89b615cad564cd38b8015b28cd83e0a9 failed
146/327 common/907678d51804e7dabb3e2aa58a3d5353f8119cd760f08a1c26116df91ab015db failed
147/327 common/dd88953f0386de25314a6ee03d03b5062b2f02a2b87d64bedb857b90421948ea failed
148/327 common/793fdcec9369f28264630b342b5fb12c611a6c99ddb36412cc507557fa356ce7 failed
149/327 common/a08b664f66e876a417831f72154b2da06a959efab6ec8e15ace551989e4ca7b3 failed
150/327 common/f2046d237d58b8404e8705007a9e1c839ba3628a129bba6e7e7b7eb8935b81fe failed
151/327 common/c2cbba6c27c80dffeda7877d605a242f9ffc28b96dcfeeba6d22e781f44e44f0 failed
152/327 common/f9100c42bc12b0e187480aae3446a07931e0df11f2e1d7fbeeb5cab56d9ca324 failed
153/327 common/aaaddfd1142590474b171ce654cf4c9ab8d402c34121a6c14cc9bb498bf573a6 failed
154/327 common/a16cfd64a426542c4b8604d3525d42247c8d266af2e7535e77d41f5993ec45bb completed
155/327 common/4459ce5e26322d67b92c81a7d58fc6600bba4772d55a7efddd9409404752b140 failed
156/327 common/a3a62cf2a403d2c5bd69d245a1e9d6493d0c482ddf3d26fbefe3fe3c00bc504a failed
157/327 common/61b9097fc54f2065f8f4e4e1fc681c06d70e9dad136228786d2bb01e671beb4d failed
158/327 common/436a54ceecdc52592a09fc1f79ba0b90294d39b24b1ed174318f5fd2b80e97f8 failed
159/327 common/95b140d79de1ba2e581f17c92780a18c7d0c2655ae6cb06b7ea68abdbef15321 completed
160/327 common/4eb4d56e01dd6665ab9468d412a385d063c9dfc2ba41d4770529d3348ccb4fe1 failed
161/327 common/fe042459d6c90b94acbf3fd15389bedf76e16cf1e68314b484b8afe95c7fb7ec failed
162/327 common/ddd942ee90e860dba4d4a5dd291aaab4fa151b805f3fcf6f8e4267006613bea7 failed
163/327 common/cb0c6e275080b9cb0d050c22a473abe48d6289d64f9e94d9cb452db56fbd1e03 failed
164/327 common/b1cdeebe592e4b2bbe70d099d240daba510467bd64a66c8964451b12f0e53ce8 failed
165/327 common/0d6fdf6339154030052ec40144d6971e6f8ea88ea8fbf4c9578fc6982eaa29f6 failed
166/327 common/3f5368983ebd0d9fc5418233349250369dd115e3db7b9ba5ed2c320eeda38fdb failed
167/327 common/a49f177e81058981ac14bc76e555ced108a39137814e793078bf44d57d43d2df failed
168/327 common/b846ea9be57d9cb680987c1629f300e485acbd7ad0821af5e24aa083ab55bf2e failed
169/327 common/8cc51e0c97c7c08c184a51df51727a91be32d3355ae5bb7424fb495adc1e6109 failed
170/327 common/391f47d3aa7fccb5027f9b851bc74b932b5212bfa5e2c92749e5b9f26c6c88ef failed
171/327 common/bd12c00662403563f63d6ad671a31fecbab6d515d31cc5c6b8e5efe98be8af98 failed
172/327 common/f6f21f06aa4f754bc880c2fd735b7eca2e70f4ab409e5bd0deded454783f4fb2 failed
173/327 common/6bea40b8fb6f8d3a7c71ebfef1ac1815150b7774edc720d7e29814a5707fd872 failed
174/327 common/9617d103d2b9df43332f7cfc0cc4d7b6ec4f11f7968437bc07bac9f2e2516a87 failed
175/327 common/ed0737deb2fabb61dda47ecc3836978d72ebbe73bfd9670bc0ea1e5a1f6970ce failed
176/327 common/90bb9f42da0c39475d1ebf1640d851491c43a4b34870fa9f299b5f38e4f8de54 failed
177/327 common/8dc964d9e4bc4248354976fa12c30660874bb63fd6f99bc7e0e43a819d6baa83 failed
178/327 common/53851118150863fd3813c16ec89f41ff0c08723f2b8feb555489da85b016eb54 failed
179/327 common/8173c80353428970fc2511c4fb8a676e0fce1c9dccd68ca7ee636e4f2ea1b024 failed
180/327 common/518151799c0fe24b59abe441bb0465c4e34e61748808588e320b4fec466318ba failed
181/327 common/fd607d228b3a18170313228b0d96a830e21165617c035c7e67cc2b5c47ea97dd failed
182/327 common/9c134ebc67e344da69c984101a068a9e7744b80b4da6392801c243fdea458d25 failed
183/327 common/3318fff0c20b063dfba65aea4db3fadffb20c8cf613cb2cedbe31fedd514d969 failed
184/327 common/7eaa8d2e77610e06f84a0ec51fbd725a9284792966a7195bac3f2906326f9d04 failed
185/327 common/86f4b0caf0a50586ecabaac4253954fc9bc89d33f731ce9e48548368d3436b2a failed
186/327 common/08402623ae74b264320a86e76f626499537c0b397598e5671d823b0798ea7aa2 failed
187/327 common/7303d5771111721f8495b3c05b14842310fb3c771e0e89a7e11ba2849e5eb835 failed
188/327 common/3ffb4e2a3399abbf0082eee9015d9beabbaee8d11eb1ebbfb8c41ec039247421 failed
189/327 common/0ea098bdcb1b5bf902b788a7d64a4a662b47fe5cc89cdd0af83092352ffdb998 failed
190/327 common/1e656507aabd5299929c5f9f19c3a27ec89f97724c21a54aedde8d78fa0a39cb completed
191/327 common/bf9288cb111504cc2440f20962ee364b5bef56fa4f053a714e40ee8e455ee91e failed
192/327 common/ced49d3dd0264bab87a7c201d02fa8ea766430a0e4b6b752763f57782dcf5252 failed
193/327 common/2fcb3c2a86d39be52e2f5a48a95ad3149b81f03e6b11c6d8ab464a73e388c3f3 failed
194/327 common/00ccca6d57df3d4e251929be0830bd3c14602ee3e5d65b2dcfd7423c689336ce failed
195/327 common/7eddefbe283d6584395755dbffe9ea12e84fbfe7a53b9832607fb543be2a4386 failed
196/327 common/c01e7534bf847f357a0ff27a611146c82b64d2dde3e9f608cf959d3bf04bd21f failed
197/327 common/796604321214ab50dad777d87567d7616b21527b3868cab078ac0276ac53daaf failed
198/327 common/c05d59e4dbeb5407ea9afa75a4ed799e3ac4d0627a34084147c9e288353a3f98 failed
199/327 common/113a584cafc5ec264f4bff73c39c36aecff53176669db60d5b6d32720f7dd6ce failed
200/327 common/2d0f88956af9b8d2e45f4f857d5f6d0cf90dfacd7fd20b9b70841c2987b02905 failed
201/327 common/344e44984b647af6bb813758675a2c801ba20f07ef81589f20149ae0a9457b15 failed
202/327 common/9a484771ce0f1c4025a482749db1071dd5952a4cb817cba04ee33df227693cec failed
203/327 common/6b02044ce8cd4fc4a5110cd1b87cc1bc550ec002a02247f409b45efb78356fcc failed
204/327 common/b4c4bafbbfb886b8deb6aca7d909258a0edbfc628095f142350075b23a47a47f failed
205/327 common/bfe0206c470317cb107e6cdbc433192cb49ed8a13b956b3ef0599084fd2d646a failed
206/327 common/2036c2e900314f65ee725147c8aaadef8ab33bb33f0f39f06ff940e78d374a97 failed
207/327 common/86266e097f579e200c75c6d92d00fd4a5943fc18835d323a81b4b84ce51daa23 failed
208/327 common/b0b9d5e2d36d4e135bcc4b7464027438484e353ab2e41ea214a04c9a101a06fc failed
209/327 common/011d8d4a2e110426e8cfcd025dd0959e049b1bc928520a87d11061f281b5bb48 failed
210/327 common/c5e4b18fb0e9204aa563cfff25be9f5767d836054926bbb75c6e24c5d27a4cb9 failed
211/327 common/52365af2bb02a6ad4951a1241e2b50d8248c8c81100ae7b60f3b417ac1ddd28c failed
212/327 common/40f3d661136fcf320916961461ff8bd3eb75619e34884e36b953be26fe57cc93 failed
213/327 common/0127c0740a3724059517efec20cc5e02e7a8d7d1a9b53e04014bb47ccc21757b failed
214/327 common/48690d84862b6b41c0913f1244d04bb0d3e4233f3a2c8ca5bf567dd78b085263 failed
215/327 common/30a1328473f46fb37c4eb5e124ed80bca907cccfa06deeaaed103cbb103b9ace failed
216/327 common/6773370329b8e95f0591f9007fec666ca8bdcc81917e0eb44cef913353b4f5ed failed
217/327 common/3e12f02065ccd231ed0d8a6b7ea5e2506de33f21bf7d62e3e680f38ac0027d25 failed
218/327 common/abdabfed090630ce9d157d0bf03f9b13da4d3d4d8a54dec2b61556c0419b69a4 failed
219/327 common/5b88f6468a37ee32974de694cea74a2cb45c960037a809cd483d71b7caaae0fb failed
220/327 common/ef2fb4c521b807b490d51f6072f21f5d3e657cd01d4d7a43cebab9b6f068a5c2 failed
221/327 common/2886aa62129d871cb68f28e11a3ef47af78e51c6f3592c5b17a36f72ff6928ba failed
222/327 common/870b2781555c27146035e7daa27ded1c656d93a19bc21663645fb96271ead843 failed
223/327 common/68d516184b10083df79141ea237a7b90d2d14c1f6fdac3ad09912226498cb74f failed
224/327 common/eada21f30d2f3442fdbe1036e534f5f120757b4c07fbdd591da12c7a928a3db2 failed
225/327 common/9507fb43b57c8faec540157fa0f06c5af1d9240027430cdf689805724ac56181 failed
226/327 common/4891c5f78e33756a152f6b1859fd66fcca4f9fa77630dc5fa1b25e5e6094e3da failed
227/327 common/b563532a4a3bd558a14d29b2a6eac41a5b55bc17338b6c8eeacf35093b3e2415 failed
228/327 common/887efa24d9f4dc78ededa3b561c7405e54533d144ad3c2fb165b86d6c80d1dc3 failed
229/327 common/f473e05e079e74d4da7643203c992379cd3e6d8897e49cf4048a17c5a09ebf26 failed
230/327 common/24a4534f359291eefce97b6f989fe439d3af29c796f9958523667d76189f2f12 failed
231/327 common/8acbb6003491c45c677b8996d5cbcef3ed70a10e7b05c1db83aa8023e4643ccb failed
232/327 common/71c8bb70b27ab56541721e0dd3f0d09bb2a761a79548baf5aed46872d888a7da failed
233/327 common/e50aa13860bb61740110f9a6724f182ae78660f1b2fd9184639c0dda6acf107b failed
234/327 common/0e9e2f4da85425bd90e851bdb9e36a95d4959624c749a302cdfff59b7883cd85 failed
235/327 common/48a53fc51c13bb3e1ecd9450cf184f2cc4714817cf59d2799c405bed7776b4f3 failed
236/327 common/aa35bd49acaaec9e9404760f35a427a52d444b28b6c5802d430303ff9c189af0 failed
237/327 common/46561b0653ae6e5382f67921371f01251064b8a610213d2858f6c2fa8e39fe40 failed
238/327 common/e8a5698dfd65c83d5f2c9409a24d9f3477b9da753c00f37e8f657994ba2933d8 failed
239/327 common/ce7b921b619cf788bb13cf454e16cd7cfc5574bbc28e761de88017db2e82ba98 failed
240/327 common/b6630ac6178499a2b7265e68d6c2123175ed8f55ab83ed8272ba248b3c1005d4 failed
241/327 common/bbd7f8a159092065ad625024f684ddfaa9dd37263f6e909bb664ebf8b60b8437 failed
242/327 common/74ae0b7786a13128492182d783fe95ea15646275692d088d665dfbfe63aa4e5c failed
243/327 common/26ad29445f73f1af15196cf0a8794fa1138c0d78094f330269569ad14c8349ef failed
244/327 common/35950904f4dcf8ab7e27553f4da91740495a36ec8ac0fa1df481cd418277d4ce failed
245/327 common/c98f9ef5ce1bb88ad7c7b4c8dc20e232a108cad68fb8c1b7e7ffb1ee9c69e71b failed
246/327 common/a8f04972a5de3735d93ef67e5ccd6417c9377e17bdab7d95ee5546c89f8aba8c failed
247/327 common/c7dc02f15e3999274e8ab18f6432f6c7834adeca0602dfe559d1524c48f34258 failed
248/327 common/e8213c899f0f9ee092ebf08ce5398afaaef9a949f3abb68b5c6d3687040c4775 failed
249/327 common/0d277a3504f72854e8891954de2dd7d8bb6b279508e4e4a018ecb6716594b489 failed
250/327 common/6b17743751968e53b0576b3efc33aebf9181f7fe2f91937bbb447959979fe2fd failed
251/327 common/4e828a11db536f1bf57eef1738d7dfc0c43c5e515735fb8c65a99aec75a340e4 failed
252/327 common/90b661c6bad1ca6fb45dbfabe8e658be93955f9ea02a723f221e776343d927dd failed
253/327 common/d0cc47f14280bb06c151347d9954fd6707414111e8f2d0267f5e8fbc7e22159f failed
254/327 common/de973ed56acd3c2bcf30d141aabbf0a48c8fca74ec60b2cc3dfe54ba9aa2e720 failed
255/327 common/21e1a6bdcf7437be0d2dd835411cd16fdb1b88d8b10aade7a732a65d66e4846c failed
256/327 common/dbaa30dc319acf2aecc522fa6c00bc7bade9e0d8ab877673f9b9ba599e4bbfce failed
257/327 common/827a9c6b8c23c812e5881cf7031dbe0bf2614ca3cd5ca992a029caf487460a20 failed
258/327 common/b3255d32c1a7fcc7acde2b8b37c2c6adf728fee366fade302bf2ea630955575a failed
259/327 common/20c59b51877d3f232570d2ca88e969c044733bca3ed138d55e11aa5bba793f12 failed
260/327 common/fa72e45565d9f126f57b925d1dee6975d53ece526cd726f5afd0debabfcf10ed failed
261/327 common/17c0d698e30ad8bc0e89fb957cfbd13cd25ffd90bc4fc7084fe5c1e548d0ba21 failed
262/327 common/e77692cdbac4faead75711ecb3d635208e7206047bcae4d84daee255c994aa80 failed
263/327 common/38333e65dcbe69f40c101839fa46387586e05c03842c102d2fa90f6027b0933e failed
264/327 common/e94a6c0356c93ce3c2bc551529092d86bea7585432e25677e07f34f843b46063 failed
265/327 common/5b160a4b5b9c67d008d8a5ef8c0f9639b5c990252dbb80d908fb3ef22f304f45 failed
266/327 common/25a27ceb37c7993c1377db5584b7f006a6026c51dfb82ac18718642b57caaca1 failed
267/327 common/6438b8018678522d423d35a0a8d2f5fc2e9b9537e7294f99e15a9aaa3e2bbe43 failed
268/327 common/3ef5bfda02840248dd8c5a36639b0bcb2854b11b5143a08353869e39aebbf824 failed
269/327 common/7771641da886182960a1f81a256be69c26d85103e7f61f86875ba68fa7fee05b failed
270/327 common/738b8b76643763caae466f740dd1fbfdfe10aa903a90b58261472213c3d0e512 failed
271/327 common/7940549d2899af9b25c43eb5854bb7f453c9dcc96de1ffd16fe84ab4218149c8 failed
272/327 common/cb183be9787a466e5a65a622161aecbf7ea45ab4bef3eff25044f536babb7294 failed
273/327 common/95a0d42510de60c1b45640aa8a03c26ac6d73860986fa9dfec08f57b604832fa failed
274/327 common/8283e38200384ab6e930c773a19e4b1df10006372935f7fc2146fc8d117f3bb0 failed
275/327 common/4afcc04c7877b31a6fa41c27b3b85efc5e41d13d5b69b8958d42606f6337a1cd failed
276/327 common/72af211bacd3da753191398b38e634d0e1a2762b54b36efbbc0e856a4364d061 failed
277/327 common/c55c86488b48bac5859b5d4bdc661b8ed9531fb1b114e31267357468bf19146f failed
278/327 common/63bb2a06c94a47fdebfbfa15ed8870315f19cbd793345a7133c6c250361677f4 failed
279/327 common/6a2aa0825b79e386ee1ef77198dbf0e63bb39f548ab076de5c5e85dc4a0c66be failed
280/327 common/b0f483c652b15aaf979945e4c8a4bf268ae54f5371d465fc795261906941f831 failed
281/327 common/39be346796dd4ace8bae036ec63c1659977714d8a7c9f042f3b89772d0f7cfc7 failed
282/327 common/942beed3c6f4d352ad1c474d919a31a4a9d03e942642d7be3484f944f263a342 failed
283/327 common/41249cf5a83eeaa7b18ef21eadc91b47f420e6212d8ffb4340588dea953b4d2e failed
284/327 common/7e24e7c9f4e1a579495cb3ee441502305f03acad02151893a3e60fdb2caff530 failed
285/327 common/8098761a38c4385b0e5432e6750f5de2bac093054fd2d4e119e572d062b44bbc failed
286/327 common/ee3051d22be69de343cf31dc6aa56ef6ad62638661134b106a7bd0c4c0ba4b85 failed
287/327 common/ae98069b21588fb4a3f646ccf12d072e07997fb6fdbdc3ec86303a6b3fa2532e failed
288/327 common/9dc1b5c08361fe78f3991b5d095491f45477c6b2c54dd4d8f8f97a4ccce10515 failed
289/327 common/6e70f2b36067460d3f2807b5e673c0322ed9f362fc6473e3f1302751dc50c701 failed
290/327 common/2dbb45aed12e5c122758e4aaaa486dd9a15d5e9d40f2dce513c8aaf5b41f984f failed
291/327 common/dfd123f5e5fcac453eadedb872758fc3491d3226868bbe89d6d714e922abf900 failed
292/327 common/e3e29107aed200e3adce6c4c3b3c908c93fb96da38f0c8717f3e6b5aefbb94ab failed
293/327 common/5751c919600032a7ea81aeb4014da69ce18332312237e1511da2611095b86d94 failed
294/327 common/295760d403e7f56beeac458dce390e8fff4f96c5a038abc145a0eeb3b4f5eba1 failed
295/327 common/ed25d9b087d389ed70df99c42a2fce75676756295490d666380e278e419ffa5c failed
296/327 common/61d435635613e729eebf2ea134e6085f9ff7069757c84c08636c034e45842680 failed
297/327 common/faf32260cf2337c5be8a1f6e7642dcd44aa0e6a54315af8220355c5f0b44c670 failed
298/327 common/68cb0f8fd6fce4235bde7c1d69f42c358ed2de08e7af9c7d1ee82d636eb43db3 failed
299/327 common/f0d8076642e2a83257873688f4a55922c66e1da3805a790adcdd0d9cf3a388f6 failed
300/327 common/f0e564126bec5d62fa8d86b642d2cfabd479e0d36d4e4ed9fcfdef9aa9c202a5 failed
301/327 common/6cc7ea0b4816d15bfdabf8d2e95cb77922bff71d031e259dcb2fd8140e871c6a failed
302/327 common/77719090cf0fa2dbe0ddd7d03ed740ddaf59a095e8c02e997afc5588a6883ffe failed
303/327 common/89765e51e8c8699522171714a484307a4b7e0fcc217d3f4e20b8a5a8e87659aa failed
304/327 common/9ed2c2190a9199bc6e7ae9c8b4f9aefb9600e4df9604d8cfc102147d77c3b58e failed
305/327 common/81af5de3abe1b069d6352c15d4647d456e0943ef2cec09123573e4dbc535d2ee failed
306/327 common/f5521736182a704326efaa31ffca3602a210d9bc4bdf3e8ffe4e2d2741609000 failed
307/327 common/16119e785db84267a201dc30edf4cd855454acbd5817944504d2fdfe0bbb7286 failed
308/327 common/5dafb1cfbaa5adfff63a345a61b46d48aa18253c8d681c593b099776d027d760 failed
309/327 common/0a7b4bf0a7187c8de7ee134d725edd0e80744b1ac7f7e00b14c82af3a8fbc7ab failed
310/327 common/f880314d74b4ed058c4e90ed2ac5e97ff478dcc6641f82799b3f40dd89bb79fc failed
311/327 common/5accd18f44ec50b0fd67fe70d1298f8e3ab5dca038e20876e6e0840ad873a0fb failed
312/327 common/d2c7fbac57b435facd411f967fd6c4ddb5a436ba986af56df51a812d69952555 failed
313/327 common/838362219d4e3488b3ae7fe1a84762e4e8d6cee005597b3b597ede94dfa1161c failed
314/327 common/da448e7dbb0189a7ecb228e23d6780e173e145ed66e7bc58ba4d72ee1f6163e4 failed
315/327 common/f5281285296424e5aa6748d6f77895c585aa7bc9d660f6c874527eb727495982 failed
316/327 common/18557b84176fc424df5cbed467f741c96e99276c04c8e8db2252ec8aaa47b5db failed
317/327 common/ce9b9cdc7818648005eab8f564ab549cae10a348be53ca7c5ac109c8b0253d87 failed
318/327 common/de052cb766057fbfb9da31fd1492c053a2980e766666ee3d61d1ef8e071ec398 failed
319/327 common/073387500a1bceb2f21421661083dbddc8a98202e9e71bc5dc28080360c2c53f failed
320/327 common/d5dc8b2799cf69e670e2cdd7e21dd006c7734e746494da4fc8e37e9d08d9a95b failed
321/327 common/f979d8afa2b5e5a41fa6db87f8770a0456ab3cb2f2201dc9d04927b098e0f03e failed
322/327 common/5d52b353b4be720a8e4dd53cf678c920d7491b32959d6538531472cd8b1f08a7 failed
323/327 common/000dfcb4b772191372b93312e5b8fe841609ca158f2c1ba5c77179be751cf0a9 failed
324/327 common/59cc7f74d8ea3db974187030087e00de237eaa4943cf0a1ce803b44567a82015 failed
325/327 common/24b686c0db446af38fb8d9742867192c44e4657a6fbd7a4c16f23979e92db08b failed
326/327 common/f358ba8e87968500e5c1b8d69990e50d91d3704a6f79340331316cb5011b77ef failed
327/327 common/67534e0212a62e0664a2927cb405bad2945d2af860aca4aa8685a7948961a6b7 failed
DONE common evaluation: 1778 rows; 1354 missing
